

================================================================
== Vitis HLS Report for 'conv_2d_cl_ap_fixed_ap_fixed_16_6_5_3_0_config6_s'
================================================================
* Date:           Wed Apr  2 21:08:20 2025

* Version:        2021.1 (Build 3247384 on Thu Jun 10 19:36:07 MDT 2021)
* Project:        WOMBAT_prj
* Solution:       solution1 (Vivado IP Flow Target)
* Product family: virtex7
* Target device:  xc7vx690t-ffg1927-2


================================================================
== Performance Estimates
================================================================
+ Timing: 
    * Summary: 
    +--------+---------+----------+------------+
    |  Clock |  Target | Estimated| Uncertainty|
    +--------+---------+----------+------------+
    |ap_clk  |  6.25 ns|  3.984 ns|     1.69 ns|
    +--------+---------+----------+------------+

+ Latency: 
    * Summary: 
    +---------+---------+-----------+-----------+-----+-----+---------+
    |  Latency (cycles) |   Latency (absolute)  |  Interval | Pipeline|
    |   min   |   max   |    min    |    max    | min | max |   Type  |
    +---------+---------+-----------+-----------+-----+-----+---------+
    |        2|        2|  12.500 ns|  12.500 ns|    3|    3|      yes|
    +---------+---------+-----------+-----------+-----+-----+---------+

    + Detail: 
        * Instance: 
        N/A

        * Loop: 
        N/A



================================================================
== Utilization Estimates
================================================================
* Summary: 
+-----------------+---------+------+--------+--------+-----+
|       Name      | BRAM_18K|  DSP |   FF   |   LUT  | URAM|
+-----------------+---------+------+--------+--------+-----+
|DSP              |        -|     -|       -|       -|    -|
|Expression       |        -|     -|       0|    9823|    -|
|FIFO             |        -|     -|       -|       -|    -|
|Instance         |        -|    70|       0|     420|    -|
|Memory           |        -|     -|       -|       -|    -|
|Multiplexer      |        -|     -|       -|      95|    -|
|Register         |        -|     -|    3757|       -|    -|
+-----------------+---------+------+--------+--------+-----+
|Total            |        0|    70|    3757|   10338|    0|
+-----------------+---------+------+--------+--------+-----+
|Available        |     2940|  3600|  866400|  433200|    0|
+-----------------+---------+------+--------+--------+-----+
|Utilization (%)  |        0|     1|      ~0|       2|    0|
+-----------------+---------+------+--------+--------+-----+

+ Detail: 
    * Instance: 
    +------------------------+-------------------+---------+----+---+----+-----+
    |        Instance        |       Module      | BRAM_18K| DSP| FF| LUT| URAM|
    +------------------------+-------------------+---------+----+---+----+-----+
    |mul_16s_6s_22_1_1_U226  |mul_16s_6s_22_1_1  |        0|   1|  0|   6|    0|
    |mul_16s_6s_22_1_1_U227  |mul_16s_6s_22_1_1  |        0|   1|  0|   6|    0|
    |mul_16s_6s_22_1_1_U229  |mul_16s_6s_22_1_1  |        0|   1|  0|   6|    0|
    |mul_16s_6s_22_1_1_U230  |mul_16s_6s_22_1_1  |        0|   1|  0|   6|    0|
    |mul_16s_6s_22_1_1_U232  |mul_16s_6s_22_1_1  |        0|   1|  0|   6|    0|
    |mul_16s_6s_22_1_1_U233  |mul_16s_6s_22_1_1  |        0|   1|  0|   6|    0|
    |mul_16s_6s_22_1_1_U235  |mul_16s_6s_22_1_1  |        0|   1|  0|   6|    0|
    |mul_16s_6s_22_1_1_U237  |mul_16s_6s_22_1_1  |        0|   1|  0|   6|    0|
    |mul_16s_6s_22_1_1_U238  |mul_16s_6s_22_1_1  |        0|   1|  0|   6|    0|
    |mul_16s_6s_22_1_1_U239  |mul_16s_6s_22_1_1  |        0|   1|  0|   6|    0|
    |mul_16s_6s_22_1_1_U240  |mul_16s_6s_22_1_1  |        0|   1|  0|   6|    0|
    |mul_16s_6s_22_1_1_U241  |mul_16s_6s_22_1_1  |        0|   1|  0|   6|    0|
    |mul_16s_6s_22_1_1_U242  |mul_16s_6s_22_1_1  |        0|   1|  0|   6|    0|
    |mul_16s_6s_22_1_1_U244  |mul_16s_6s_22_1_1  |        0|   1|  0|   6|    0|
    |mul_16s_6s_22_1_1_U245  |mul_16s_6s_22_1_1  |        0|   1|  0|   6|    0|
    |mul_16s_6s_22_1_1_U247  |mul_16s_6s_22_1_1  |        0|   1|  0|   6|    0|
    |mul_16s_6s_22_1_1_U252  |mul_16s_6s_22_1_1  |        0|   1|  0|   6|    0|
    |mul_16s_6s_22_1_1_U253  |mul_16s_6s_22_1_1  |        0|   1|  0|   6|    0|
    |mul_16s_6s_22_1_1_U257  |mul_16s_6s_22_1_1  |        0|   1|  0|   6|    0|
    |mul_16s_6s_22_1_1_U263  |mul_16s_6s_22_1_1  |        0|   1|  0|   6|    0|
    |mul_16s_6s_22_1_1_U264  |mul_16s_6s_22_1_1  |        0|   1|  0|   6|    0|
    |mul_16s_6s_22_1_1_U265  |mul_16s_6s_22_1_1  |        0|   1|  0|   6|    0|
    |mul_16s_6s_22_1_1_U267  |mul_16s_6s_22_1_1  |        0|   1|  0|   6|    0|
    |mul_16s_6s_22_1_1_U268  |mul_16s_6s_22_1_1  |        0|   1|  0|   6|    0|
    |mul_16s_6s_22_1_1_U270  |mul_16s_6s_22_1_1  |        0|   1|  0|   6|    0|
    |mul_16s_6s_22_1_1_U273  |mul_16s_6s_22_1_1  |        0|   1|  0|   6|    0|
    |mul_16s_6s_22_1_1_U275  |mul_16s_6s_22_1_1  |        0|   1|  0|   6|    0|
    |mul_16s_6s_22_1_1_U276  |mul_16s_6s_22_1_1  |        0|   1|  0|   6|    0|
    |mul_16s_6s_22_1_1_U283  |mul_16s_6s_22_1_1  |        0|   1|  0|   6|    0|
    |mul_16s_6s_22_1_1_U284  |mul_16s_6s_22_1_1  |        0|   1|  0|   6|    0|
    |mul_16s_6s_22_1_1_U288  |mul_16s_6s_22_1_1  |        0|   1|  0|   6|    0|
    |mul_16s_6s_22_1_1_U289  |mul_16s_6s_22_1_1  |        0|   1|  0|   6|    0|
    |mul_16s_6s_22_1_1_U290  |mul_16s_6s_22_1_1  |        0|   1|  0|   6|    0|
    |mul_16s_6s_22_1_1_U291  |mul_16s_6s_22_1_1  |        0|   1|  0|   6|    0|
    |mul_16s_6s_22_1_1_U293  |mul_16s_6s_22_1_1  |        0|   1|  0|   6|    0|
    |mul_16s_7s_22_1_1_U228  |mul_16s_7s_22_1_1  |        0|   1|  0|   6|    0|
    |mul_16s_7s_22_1_1_U231  |mul_16s_7s_22_1_1  |        0|   1|  0|   6|    0|
    |mul_16s_7s_22_1_1_U234  |mul_16s_7s_22_1_1  |        0|   1|  0|   6|    0|
    |mul_16s_7s_22_1_1_U236  |mul_16s_7s_22_1_1  |        0|   1|  0|   6|    0|
    |mul_16s_7s_22_1_1_U243  |mul_16s_7s_22_1_1  |        0|   1|  0|   6|    0|
    |mul_16s_7s_22_1_1_U246  |mul_16s_7s_22_1_1  |        0|   1|  0|   6|    0|
    |mul_16s_7s_22_1_1_U248  |mul_16s_7s_22_1_1  |        0|   1|  0|   6|    0|
    |mul_16s_7s_22_1_1_U249  |mul_16s_7s_22_1_1  |        0|   1|  0|   6|    0|
    |mul_16s_7s_22_1_1_U250  |mul_16s_7s_22_1_1  |        0|   1|  0|   6|    0|
    |mul_16s_7s_22_1_1_U251  |mul_16s_7s_22_1_1  |        0|   1|  0|   6|    0|
    |mul_16s_7s_22_1_1_U254  |mul_16s_7s_22_1_1  |        0|   1|  0|   6|    0|
    |mul_16s_7s_22_1_1_U255  |mul_16s_7s_22_1_1  |        0|   1|  0|   6|    0|
    |mul_16s_7s_22_1_1_U256  |mul_16s_7s_22_1_1  |        0|   1|  0|   6|    0|
    |mul_16s_7s_22_1_1_U258  |mul_16s_7s_22_1_1  |        0|   1|  0|   6|    0|
    |mul_16s_7s_22_1_1_U259  |mul_16s_7s_22_1_1  |        0|   1|  0|   6|    0|
    |mul_16s_7s_22_1_1_U260  |mul_16s_7s_22_1_1  |        0|   1|  0|   6|    0|
    |mul_16s_7s_22_1_1_U261  |mul_16s_7s_22_1_1  |        0|   1|  0|   6|    0|
    |mul_16s_7s_22_1_1_U262  |mul_16s_7s_22_1_1  |        0|   1|  0|   6|    0|
    |mul_16s_7s_22_1_1_U266  |mul_16s_7s_22_1_1  |        0|   1|  0|   6|    0|
    |mul_16s_7s_22_1_1_U269  |mul_16s_7s_22_1_1  |        0|   1|  0|   6|    0|
    |mul_16s_7s_22_1_1_U271  |mul_16s_7s_22_1_1  |        0|   1|  0|   6|    0|
    |mul_16s_7s_22_1_1_U272  |mul_16s_7s_22_1_1  |        0|   1|  0|   6|    0|
    |mul_16s_7s_22_1_1_U274  |mul_16s_7s_22_1_1  |        0|   1|  0|   6|    0|
    |mul_16s_7s_22_1_1_U277  |mul_16s_7s_22_1_1  |        0|   1|  0|   6|    0|
    |mul_16s_7s_22_1_1_U278  |mul_16s_7s_22_1_1  |        0|   1|  0|   6|    0|
    |mul_16s_7s_22_1_1_U279  |mul_16s_7s_22_1_1  |        0|   1|  0|   6|    0|
    |mul_16s_7s_22_1_1_U280  |mul_16s_7s_22_1_1  |        0|   1|  0|   6|    0|
    |mul_16s_7s_22_1_1_U281  |mul_16s_7s_22_1_1  |        0|   1|  0|   6|    0|
    |mul_16s_7s_22_1_1_U282  |mul_16s_7s_22_1_1  |        0|   1|  0|   6|    0|
    |mul_16s_7s_22_1_1_U285  |mul_16s_7s_22_1_1  |        0|   1|  0|   6|    0|
    |mul_16s_7s_22_1_1_U286  |mul_16s_7s_22_1_1  |        0|   1|  0|   6|    0|
    |mul_16s_7s_22_1_1_U287  |mul_16s_7s_22_1_1  |        0|   1|  0|   6|    0|
    |mul_16s_7s_22_1_1_U292  |mul_16s_7s_22_1_1  |        0|   1|  0|   6|    0|
    |mul_16s_7s_22_1_1_U294  |mul_16s_7s_22_1_1  |        0|   1|  0|   6|    0|
    |mul_16s_7s_22_1_1_U295  |mul_16s_7s_22_1_1  |        0|   1|  0|   6|    0|
    +------------------------+-------------------+---------+----+---+----+-----+
    |Total                   |                   |        0|  70|  0| 420|    0|
    +------------------------+-------------------+---------+----+---+----+-----+

    * DSP: 
    N/A

    * Memory: 
    N/A

    * FIFO: 
    N/A

    * Expression: 
    +----------------------------+----------+----+---+----+------------+------------+
    |        Variable Name       | Operation| DSP| FF| LUT| Bitwidth P0| Bitwidth P1|
    +----------------------------+----------+----+---+----+------------+------------+
    |add_ln1171_100_fu_23227_p2  |         +|   0|  0|  27|          20|          20|
    |add_ln1171_101_fu_23665_p2  |         +|   0|  0|  27|          20|          20|
    |add_ln1171_102_fu_24113_p2  |         +|   0|  0|  27|          20|          20|
    |add_ln1171_103_fu_24551_p2  |         +|   0|  0|  27|          20|          20|
    |add_ln1171_104_fu_24999_p2  |         +|   0|  0|  27|          20|          20|
    |add_ln1171_105_fu_25447_p2  |         +|   0|  0|  27|          20|          20|
    |add_ln1171_106_fu_25895_p2  |         +|   0|  0|  27|          20|          20|
    |add_ln1171_107_fu_26343_p2  |         +|   0|  0|  27|          20|          20|
    |add_ln1171_108_fu_26771_p2  |         +|   0|  0|  27|          20|          20|
    |add_ln1171_109_fu_27219_p2  |         +|   0|  0|  27|          20|          20|
    |add_ln1171_110_fu_27667_p2  |         +|   0|  0|  27|          20|          20|
    |add_ln1171_111_fu_28115_p2  |         +|   0|  0|  27|          20|          20|
    |add_ln1171_112_fu_28563_p2  |         +|   0|  0|  27|          20|          20|
    |add_ln1171_113_fu_29794_p2  |         +|   0|  0|  27|          20|          20|
    |add_ln1171_114_fu_30202_p2  |         +|   0|  0|  27|          20|          20|
    |add_ln1171_97_fu_21893_p2   |         +|   0|  0|  27|          20|          20|
    |add_ln1171_98_fu_22341_p2   |         +|   0|  0|  27|          20|          20|
    |add_ln1171_99_fu_22789_p2   |         +|   0|  0|  27|          20|          20|
    |add_ln1171_fu_21445_p2      |         +|   0|  0|  27|          20|          20|
    |add_ln712_2209_fu_21613_p2  |         +|   0|  0|  21|          14|          10|
    |add_ln712_2210_fu_21623_p2  |         +|   0|  0|  22|          15|          15|
    |add_ln712_2211_fu_28883_p2  |         +|   0|  0|  16|          16|          16|
    |add_ln712_2212_fu_28889_p2  |         +|   0|  0|  16|          16|          16|
    |add_ln712_2213_fu_21629_p2  |         +|   0|  0|  20|          13|          10|
    |add_ln712_2214_fu_21639_p2  |         +|   0|  0|  21|          14|          14|
    |add_ln712_2215_fu_28897_p2  |         +|   0|  0|  16|          16|          16|
    |add_ln712_2216_fu_28903_p2  |         +|   0|  0|  16|          16|          16|
    |add_ln712_2217_fu_21645_p2  |         +|   0|  0|  18|          11|           9|
    |add_ln712_2218_fu_21655_p2  |         +|   0|  0|  22|          15|          15|
    |add_ln712_2219_fu_28911_p2  |         +|   0|  0|  16|          16|          16|
    |add_ln712_2220_fu_21661_p2  |         +|   0|  0|  22|          15|          15|
    |add_ln712_2221_fu_21671_p2  |         +|   0|  0|  20|          13|           6|
    |add_ln712_2222_fu_21681_p2  |         +|   0|  0|  21|          14|          14|
    |add_ln712_2223_fu_21691_p2  |         +|   0|  0|  23|          16|          16|
    |add_ln712_2224_fu_28923_p2  |         +|   0|  0|  16|          16|          16|
    |add_ln712_2225_fu_22061_p2  |         +|   0|  0|  21|          14|          10|
    |add_ln712_2226_fu_22071_p2  |         +|   0|  0|  22|          15|          15|
    |add_ln712_2227_fu_28931_p2  |         +|   0|  0|  16|          16|          16|
    |add_ln712_2228_fu_28937_p2  |         +|   0|  0|  16|          16|          16|
    |add_ln712_2229_fu_22077_p2  |         +|   0|  0|  20|          13|          10|
    |add_ln712_2230_fu_22087_p2  |         +|   0|  0|  21|          14|          14|
    |add_ln712_2231_fu_28945_p2  |         +|   0|  0|  16|          16|          16|
    |add_ln712_2232_fu_28951_p2  |         +|   0|  0|  16|          16|          16|
    |add_ln712_2233_fu_22093_p2  |         +|   0|  0|  18|          11|           9|
    |add_ln712_2234_fu_22103_p2  |         +|   0|  0|  22|          15|          15|
    |add_ln712_2235_fu_28958_p2  |         +|   0|  0|  16|          16|          16|
    |add_ln712_2236_fu_22109_p2  |         +|   0|  0|  22|          15|          15|
    |add_ln712_2237_fu_22119_p2  |         +|   0|  0|  20|          13|           6|
    |add_ln712_2238_fu_22129_p2  |         +|   0|  0|  21|          14|          14|
    |add_ln712_2239_fu_22139_p2  |         +|   0|  0|  23|          16|          16|
    |add_ln712_2240_fu_28970_p2  |         +|   0|  0|  16|          16|          16|
    |add_ln712_2241_fu_22509_p2  |         +|   0|  0|  21|          14|          10|
    |add_ln712_2242_fu_22519_p2  |         +|   0|  0|  22|          15|          15|
    |add_ln712_2243_fu_28978_p2  |         +|   0|  0|  16|          16|          16|
    |add_ln712_2244_fu_28984_p2  |         +|   0|  0|  16|          16|          16|
    |add_ln712_2245_fu_22525_p2  |         +|   0|  0|  20|          13|          10|
    |add_ln712_2246_fu_22535_p2  |         +|   0|  0|  21|          14|          14|
    |add_ln712_2247_fu_28992_p2  |         +|   0|  0|  16|          16|          16|
    |add_ln712_2248_fu_28998_p2  |         +|   0|  0|  16|          16|          16|
    |add_ln712_2249_fu_22541_p2  |         +|   0|  0|  18|          11|           9|
    |add_ln712_2250_fu_22551_p2  |         +|   0|  0|  22|          15|          15|
    |add_ln712_2251_fu_29005_p2  |         +|   0|  0|  16|          16|          16|
    |add_ln712_2252_fu_22557_p2  |         +|   0|  0|  22|          15|          15|
    |add_ln712_2253_fu_22567_p2  |         +|   0|  0|  20|          13|           6|
    |add_ln712_2254_fu_22577_p2  |         +|   0|  0|  21|          14|          14|
    |add_ln712_2255_fu_22587_p2  |         +|   0|  0|  23|          16|          16|
    |add_ln712_2256_fu_29017_p2  |         +|   0|  0|  16|          16|          16|
    |add_ln712_2257_fu_22957_p2  |         +|   0|  0|  21|          14|          10|
    |add_ln712_2258_fu_22967_p2  |         +|   0|  0|  22|          15|          15|
    |add_ln712_2259_fu_29025_p2  |         +|   0|  0|  16|          16|          16|
    |add_ln712_2260_fu_29031_p2  |         +|   0|  0|  16|          16|          16|
    |add_ln712_2261_fu_22973_p2  |         +|   0|  0|  20|          13|          10|
    |add_ln712_2262_fu_22983_p2  |         +|   0|  0|  21|          14|          14|
    |add_ln712_2263_fu_29039_p2  |         +|   0|  0|  16|          16|          16|
    |add_ln712_2264_fu_29045_p2  |         +|   0|  0|  16|          16|          16|
    |add_ln712_2265_fu_22989_p2  |         +|   0|  0|  18|          11|           9|
    |add_ln712_2266_fu_22999_p2  |         +|   0|  0|  22|          15|          15|
    |add_ln712_2267_fu_29052_p2  |         +|   0|  0|  16|          16|          16|
    |add_ln712_2268_fu_23005_p2  |         +|   0|  0|  22|          15|          15|
    |add_ln712_2269_fu_23015_p2  |         +|   0|  0|  20|          13|           6|
    |add_ln712_2270_fu_23025_p2  |         +|   0|  0|  21|          14|          14|
    |add_ln712_2271_fu_23035_p2  |         +|   0|  0|  23|          16|          16|
    |add_ln712_2272_fu_29064_p2  |         +|   0|  0|  16|          16|          16|
    |add_ln712_2273_fu_23395_p2  |         +|   0|  0|  21|          14|          10|
    |add_ln712_2274_fu_23405_p2  |         +|   0|  0|  22|          15|          15|
    |add_ln712_2275_fu_29072_p2  |         +|   0|  0|  16|          16|          16|
    |add_ln712_2276_fu_29078_p2  |         +|   0|  0|  16|          16|          16|
    |add_ln712_2277_fu_23411_p2  |         +|   0|  0|  20|          13|          10|
    |add_ln712_2278_fu_23421_p2  |         +|   0|  0|  21|          14|          14|
    |add_ln712_2279_fu_29086_p2  |         +|   0|  0|  16|          16|          16|
    |add_ln712_2280_fu_29092_p2  |         +|   0|  0|  16|          16|          16|
    |add_ln712_2281_fu_23427_p2  |         +|   0|  0|  18|          11|           9|
    |add_ln712_2282_fu_23437_p2  |         +|   0|  0|  22|          15|          15|
    |add_ln712_2283_fu_29100_p2  |         +|   0|  0|  16|          16|          16|
    |add_ln712_2284_fu_23443_p2  |         +|   0|  0|  22|          15|          15|
    |add_ln712_2285_fu_23453_p2  |         +|   0|  0|  20|          13|           6|
    |add_ln712_2286_fu_23463_p2  |         +|   0|  0|  21|          14|          14|
    |add_ln712_2287_fu_23473_p2  |         +|   0|  0|  23|          16|          16|
    |add_ln712_2288_fu_29112_p2  |         +|   0|  0|  16|          16|          16|
    |add_ln712_2289_fu_23833_p2  |         +|   0|  0|  21|          14|          10|
    |add_ln712_2290_fu_23843_p2  |         +|   0|  0|  22|          15|          15|
    |add_ln712_2291_fu_29121_p2  |         +|   0|  0|  16|          16|          16|
    |add_ln712_2292_fu_29127_p2  |         +|   0|  0|  16|          16|          16|
    |add_ln712_2293_fu_23849_p2  |         +|   0|  0|  20|          13|          10|
    |add_ln712_2294_fu_23859_p2  |         +|   0|  0|  21|          14|          14|
    |add_ln712_2295_fu_29135_p2  |         +|   0|  0|  16|          16|          16|
    |add_ln712_2296_fu_29141_p2  |         +|   0|  0|  16|          16|          16|
    |add_ln712_2297_fu_23865_p2  |         +|   0|  0|  18|          11|           9|
    |add_ln712_2298_fu_23875_p2  |         +|   0|  0|  22|          15|          15|
    |add_ln712_2299_fu_29148_p2  |         +|   0|  0|  16|          16|          16|
    |add_ln712_2300_fu_23881_p2  |         +|   0|  0|  22|          15|          15|
    |add_ln712_2301_fu_23891_p2  |         +|   0|  0|  20|          13|           6|
    |add_ln712_2302_fu_23901_p2  |         +|   0|  0|  21|          14|          14|
    |add_ln712_2303_fu_23911_p2  |         +|   0|  0|  23|          16|          16|
    |add_ln712_2304_fu_29160_p2  |         +|   0|  0|  16|          16|          16|
    |add_ln712_2305_fu_24281_p2  |         +|   0|  0|  21|          14|          10|
    |add_ln712_2306_fu_24291_p2  |         +|   0|  0|  22|          15|          15|
    |add_ln712_2307_fu_29168_p2  |         +|   0|  0|  16|          16|          16|
    |add_ln712_2308_fu_29174_p2  |         +|   0|  0|  16|          16|          16|
    |add_ln712_2309_fu_24297_p2  |         +|   0|  0|  20|          13|          10|
    |add_ln712_2310_fu_24307_p2  |         +|   0|  0|  21|          14|          14|
    |add_ln712_2311_fu_29182_p2  |         +|   0|  0|  16|          16|          16|
    |add_ln712_2312_fu_29188_p2  |         +|   0|  0|  16|          16|          16|
    |add_ln712_2313_fu_24313_p2  |         +|   0|  0|  18|          11|           9|
    |add_ln712_2314_fu_24323_p2  |         +|   0|  0|  22|          15|          15|
    |add_ln712_2315_fu_29195_p2  |         +|   0|  0|  16|          16|          16|
    |add_ln712_2316_fu_24329_p2  |         +|   0|  0|  22|          15|          15|
    |add_ln712_2317_fu_24339_p2  |         +|   0|  0|  20|          13|           6|
    |add_ln712_2318_fu_24349_p2  |         +|   0|  0|  21|          14|          14|
    |add_ln712_2319_fu_24359_p2  |         +|   0|  0|  23|          16|          16|
    |add_ln712_2320_fu_29207_p2  |         +|   0|  0|  16|          16|          16|
    |add_ln712_2321_fu_24719_p2  |         +|   0|  0|  21|          14|          10|
    |add_ln712_2322_fu_24729_p2  |         +|   0|  0|  22|          15|          15|
    |add_ln712_2323_fu_29215_p2  |         +|   0|  0|  16|          16|          16|
    |add_ln712_2324_fu_29221_p2  |         +|   0|  0|  16|          16|          16|
    |add_ln712_2325_fu_24735_p2  |         +|   0|  0|  20|          13|          10|
    |add_ln712_2326_fu_24745_p2  |         +|   0|  0|  21|          14|          14|
    |add_ln712_2327_fu_29230_p2  |         +|   0|  0|  16|          16|          16|
    |add_ln712_2328_fu_29236_p2  |         +|   0|  0|  16|          16|          16|
    |add_ln712_2329_fu_24751_p2  |         +|   0|  0|  18|          11|           9|
    |add_ln712_2330_fu_24761_p2  |         +|   0|  0|  22|          15|          15|
    |add_ln712_2331_fu_29243_p2  |         +|   0|  0|  16|          16|          16|
    |add_ln712_2332_fu_24767_p2  |         +|   0|  0|  22|          15|          15|
    |add_ln712_2333_fu_24777_p2  |         +|   0|  0|  20|          13|           6|
    |add_ln712_2334_fu_24787_p2  |         +|   0|  0|  21|          14|          14|
    |add_ln712_2335_fu_24797_p2  |         +|   0|  0|  23|          16|          16|
    |add_ln712_2336_fu_29255_p2  |         +|   0|  0|  16|          16|          16|
    |add_ln712_2337_fu_25167_p2  |         +|   0|  0|  21|          14|          10|
    |add_ln712_2338_fu_25177_p2  |         +|   0|  0|  22|          15|          15|
    |add_ln712_2339_fu_29263_p2  |         +|   0|  0|  16|          16|          16|
    |add_ln712_2340_fu_29269_p2  |         +|   0|  0|  16|          16|          16|
    |add_ln712_2341_fu_25183_p2  |         +|   0|  0|  20|          13|          10|
    |add_ln712_2342_fu_25193_p2  |         +|   0|  0|  21|          14|          14|
    |add_ln712_2343_fu_29277_p2  |         +|   0|  0|  16|          16|          16|
    |add_ln712_2344_fu_29283_p2  |         +|   0|  0|  16|          16|          16|
    |add_ln712_2345_fu_25199_p2  |         +|   0|  0|  18|          11|           9|
    |add_ln712_2346_fu_25209_p2  |         +|   0|  0|  22|          15|          15|
    |add_ln712_2347_fu_29290_p2  |         +|   0|  0|  16|          16|          16|
    |add_ln712_2348_fu_25215_p2  |         +|   0|  0|  22|          15|          15|
    |add_ln712_2349_fu_25225_p2  |         +|   0|  0|  20|          13|           6|
    |add_ln712_2350_fu_25235_p2  |         +|   0|  0|  21|          14|          14|
    |add_ln712_2351_fu_25245_p2  |         +|   0|  0|  23|          16|          16|
    |add_ln712_2352_fu_29302_p2  |         +|   0|  0|  16|          16|          16|
    |add_ln712_2353_fu_25615_p2  |         +|   0|  0|  21|          14|          10|
    |add_ln712_2354_fu_25625_p2  |         +|   0|  0|  22|          15|          15|
    |add_ln712_2355_fu_29310_p2  |         +|   0|  0|  16|          16|          16|
    |add_ln712_2356_fu_29316_p2  |         +|   0|  0|  16|          16|          16|
    |add_ln712_2357_fu_25631_p2  |         +|   0|  0|  20|          13|          10|
    |add_ln712_2358_fu_25641_p2  |         +|   0|  0|  21|          14|          14|
    |add_ln712_2359_fu_29324_p2  |         +|   0|  0|  16|          16|          16|
    |add_ln712_2360_fu_29330_p2  |         +|   0|  0|  16|          16|          16|
    |add_ln712_2361_fu_25647_p2  |         +|   0|  0|  18|          11|           9|
    |add_ln712_2362_fu_25657_p2  |         +|   0|  0|  22|          15|          15|
    |add_ln712_2363_fu_29337_p2  |         +|   0|  0|  16|          16|          16|
    |add_ln712_2364_fu_25663_p2  |         +|   0|  0|  22|          15|          15|
    |add_ln712_2365_fu_25673_p2  |         +|   0|  0|  20|          13|           6|
    |add_ln712_2366_fu_25683_p2  |         +|   0|  0|  21|          14|          14|
    |add_ln712_2367_fu_25693_p2  |         +|   0|  0|  23|          16|          16|
    |add_ln712_2368_fu_29349_p2  |         +|   0|  0|  16|          16|          16|
    |add_ln712_2369_fu_26063_p2  |         +|   0|  0|  21|          14|          10|
    |add_ln712_2370_fu_26073_p2  |         +|   0|  0|  22|          15|          15|
    |add_ln712_2371_fu_29357_p2  |         +|   0|  0|  16|          16|          16|
    |add_ln712_2372_fu_29363_p2  |         +|   0|  0|  16|          16|          16|
    |add_ln712_2373_fu_26079_p2  |         +|   0|  0|  20|          13|          10|
    |add_ln712_2374_fu_26089_p2  |         +|   0|  0|  21|          14|          14|
    |add_ln712_2375_fu_29371_p2  |         +|   0|  0|  16|          16|          16|
    |add_ln712_2376_fu_29377_p2  |         +|   0|  0|  16|          16|          16|
    |add_ln712_2377_fu_26095_p2  |         +|   0|  0|  18|          11|           9|
    |add_ln712_2378_fu_26105_p2  |         +|   0|  0|  22|          15|          15|
    |add_ln712_2379_fu_29384_p2  |         +|   0|  0|  16|          16|          16|
    |add_ln712_2380_fu_26111_p2  |         +|   0|  0|  22|          15|          15|
    |add_ln712_2381_fu_26121_p2  |         +|   0|  0|  20|          13|           6|
    |add_ln712_2382_fu_26131_p2  |         +|   0|  0|  21|          14|          14|
    |add_ln712_2383_fu_26141_p2  |         +|   0|  0|  23|          16|          16|
    |add_ln712_2384_fu_29396_p2  |         +|   0|  0|  16|          16|          16|
    |add_ln712_2385_fu_26511_p2  |         +|   0|  0|  21|          14|          10|
    |add_ln712_2386_fu_26521_p2  |         +|   0|  0|  22|          15|          15|
    |add_ln712_2387_fu_29404_p2  |         +|   0|  0|  16|          16|          16|
    |add_ln712_2388_fu_29410_p2  |         +|   0|  0|  16|          16|          16|
    |add_ln712_2389_fu_26527_p2  |         +|   0|  0|  20|          13|          10|
    |add_ln712_2390_fu_26537_p2  |         +|   0|  0|  21|          14|          14|
    |add_ln712_2391_fu_29418_p2  |         +|   0|  0|  16|          16|          16|
    |add_ln712_2392_fu_29424_p2  |         +|   0|  0|  16|          16|          16|
    |add_ln712_2393_fu_26543_p2  |         +|   0|  0|  18|          11|           9|
    |add_ln712_2394_fu_26553_p2  |         +|   0|  0|  22|          15|          15|
    |add_ln712_2395_fu_29431_p2  |         +|   0|  0|  16|          16|          16|
    |add_ln712_2396_fu_26559_p2  |         +|   0|  0|  22|          15|          15|
    |add_ln712_2397_fu_26569_p2  |         +|   0|  0|  20|          13|           6|
    |add_ln712_2398_fu_26579_p2  |         +|   0|  0|  21|          14|          14|
    |add_ln712_2399_fu_26589_p2  |         +|   0|  0|  23|          16|          16|
    |add_ln712_2400_fu_29443_p2  |         +|   0|  0|  16|          16|          16|
    |add_ln712_2401_fu_26939_p2  |         +|   0|  0|  21|          14|          10|
    |add_ln712_2402_fu_26949_p2  |         +|   0|  0|  22|          15|          15|
    |add_ln712_2403_fu_29451_p2  |         +|   0|  0|  16|          16|          16|
    |add_ln712_2404_fu_29457_p2  |         +|   0|  0|  16|          16|          16|
    |add_ln712_2405_fu_26955_p2  |         +|   0|  0|  20|          13|          10|
    |add_ln712_2406_fu_26965_p2  |         +|   0|  0|  21|          14|          14|
    |add_ln712_2407_fu_29465_p2  |         +|   0|  0|  16|          16|          16|
    |add_ln712_2408_fu_29471_p2  |         +|   0|  0|  16|          16|          16|
    |add_ln712_2409_fu_26971_p2  |         +|   0|  0|  18|          11|           9|
    |add_ln712_2410_fu_26981_p2  |         +|   0|  0|  22|          15|          15|
    |add_ln712_2411_fu_29480_p2  |         +|   0|  0|  16|          16|          16|
    |add_ln712_2412_fu_26987_p2  |         +|   0|  0|  22|          15|          15|
    |add_ln712_2413_fu_26997_p2  |         +|   0|  0|  20|          13|           6|
    |add_ln712_2414_fu_27007_p2  |         +|   0|  0|  21|          14|          14|
    |add_ln712_2415_fu_27017_p2  |         +|   0|  0|  23|          16|          16|
    |add_ln712_2416_fu_29492_p2  |         +|   0|  0|  16|          16|          16|
    |add_ln712_2417_fu_27387_p2  |         +|   0|  0|  21|          14|          10|
    |add_ln712_2418_fu_27397_p2  |         +|   0|  0|  22|          15|          15|
    |add_ln712_2419_fu_29500_p2  |         +|   0|  0|  16|          16|          16|
    |add_ln712_2420_fu_29506_p2  |         +|   0|  0|  16|          16|          16|
    |add_ln712_2421_fu_27403_p2  |         +|   0|  0|  20|          13|          10|
    |add_ln712_2422_fu_27413_p2  |         +|   0|  0|  21|          14|          14|
    |add_ln712_2423_fu_29514_p2  |         +|   0|  0|  16|          16|          16|
    |add_ln712_2424_fu_29520_p2  |         +|   0|  0|  16|          16|          16|
    |add_ln712_2425_fu_27419_p2  |         +|   0|  0|  18|          11|           9|
    |add_ln712_2426_fu_27429_p2  |         +|   0|  0|  22|          15|          15|
    |add_ln712_2427_fu_29527_p2  |         +|   0|  0|  16|          16|          16|
    |add_ln712_2428_fu_27435_p2  |         +|   0|  0|  22|          15|          15|
    |add_ln712_2429_fu_27445_p2  |         +|   0|  0|  20|          13|           6|
    |add_ln712_2430_fu_27455_p2  |         +|   0|  0|  21|          14|          14|
    |add_ln712_2431_fu_27465_p2  |         +|   0|  0|  23|          16|          16|
    |add_ln712_2432_fu_29539_p2  |         +|   0|  0|  16|          16|          16|
    |add_ln712_2433_fu_27835_p2  |         +|   0|  0|  21|          14|          10|
    |add_ln712_2434_fu_27845_p2  |         +|   0|  0|  22|          15|          15|
    |add_ln712_2435_fu_29547_p2  |         +|   0|  0|  16|          16|          16|
    |add_ln712_2436_fu_29553_p2  |         +|   0|  0|  16|          16|          16|
    |add_ln712_2437_fu_27851_p2  |         +|   0|  0|  20|          13|          10|
    |add_ln712_2438_fu_27861_p2  |         +|   0|  0|  21|          14|          14|
    |add_ln712_2439_fu_29561_p2  |         +|   0|  0|  16|          16|          16|
    |add_ln712_2440_fu_29567_p2  |         +|   0|  0|  16|          16|          16|
    |add_ln712_2441_fu_27867_p2  |         +|   0|  0|  18|          11|           9|
    |add_ln712_2442_fu_27877_p2  |         +|   0|  0|  22|          15|          15|
    |add_ln712_2443_fu_29574_p2  |         +|   0|  0|  16|          16|          16|
    |add_ln712_2444_fu_27883_p2  |         +|   0|  0|  22|          15|          15|
    |add_ln712_2445_fu_27893_p2  |         +|   0|  0|  20|          13|           6|
    |add_ln712_2446_fu_27903_p2  |         +|   0|  0|  21|          14|          14|
    |add_ln712_2447_fu_27913_p2  |         +|   0|  0|  23|          16|          16|
    |add_ln712_2448_fu_29586_p2  |         +|   0|  0|  16|          16|          16|
    |add_ln712_2449_fu_28283_p2  |         +|   0|  0|  21|          14|          10|
    |add_ln712_2450_fu_28293_p2  |         +|   0|  0|  22|          15|          15|
    |add_ln712_2451_fu_29594_p2  |         +|   0|  0|  16|          16|          16|
    |add_ln712_2452_fu_29600_p2  |         +|   0|  0|  16|          16|          16|
    |add_ln712_2453_fu_28299_p2  |         +|   0|  0|  20|          13|          10|
    |add_ln712_2454_fu_28309_p2  |         +|   0|  0|  21|          14|          14|
    |add_ln712_2455_fu_29608_p2  |         +|   0|  0|  16|          16|          16|
    |add_ln712_2456_fu_29614_p2  |         +|   0|  0|  16|          16|          16|
    |add_ln712_2457_fu_28315_p2  |         +|   0|  0|  18|          11|           9|
    |add_ln712_2458_fu_28325_p2  |         +|   0|  0|  22|          15|          15|
    |add_ln712_2459_fu_29621_p2  |         +|   0|  0|  16|          16|          16|
    |add_ln712_2460_fu_28331_p2  |         +|   0|  0|  22|          15|          15|
    |add_ln712_2461_fu_28341_p2  |         +|   0|  0|  20|          13|           6|
    |add_ln712_2462_fu_28351_p2  |         +|   0|  0|  21|          14|          14|
    |add_ln712_2463_fu_28361_p2  |         +|   0|  0|  23|          16|          16|
    |add_ln712_2464_fu_29633_p2  |         +|   0|  0|  16|          16|          16|
    |add_ln712_2465_fu_28731_p2  |         +|   0|  0|  21|          14|          10|
    |add_ln712_2466_fu_28741_p2  |         +|   0|  0|  22|          15|          15|
    |add_ln712_2467_fu_29641_p2  |         +|   0|  0|  16|          16|          16|
    |add_ln712_2468_fu_29647_p2  |         +|   0|  0|  16|          16|          16|
    |add_ln712_2469_fu_28747_p2  |         +|   0|  0|  20|          13|          10|
    |add_ln712_2470_fu_28757_p2  |         +|   0|  0|  21|          14|          14|
    |add_ln712_2471_fu_29655_p2  |         +|   0|  0|  16|          16|          16|
    |add_ln712_2472_fu_29661_p2  |         +|   0|  0|  16|          16|          16|
    |add_ln712_2473_fu_28763_p2  |         +|   0|  0|  18|          11|           9|
    |add_ln712_2474_fu_28773_p2  |         +|   0|  0|  22|          15|          15|
    |add_ln712_2475_fu_29668_p2  |         +|   0|  0|  16|          16|          16|
    |add_ln712_2476_fu_28779_p2  |         +|   0|  0|  22|          15|          15|
    |add_ln712_2477_fu_28789_p2  |         +|   0|  0|  20|          13|           6|
    |add_ln712_2478_fu_28799_p2  |         +|   0|  0|  21|          14|          14|
    |add_ln712_2479_fu_28809_p2  |         +|   0|  0|  23|          16|          16|
    |add_ln712_2480_fu_30460_p2  |         +|   0|  0|  16|          16|          16|
    |add_ln712_2481_fu_29962_p2  |         +|   0|  0|  21|          14|          10|
    |add_ln712_2482_fu_29972_p2  |         +|   0|  0|  22|          15|          15|
    |add_ln712_2483_fu_30468_p2  |         +|   0|  0|  16|          16|          16|
    |add_ln712_2484_fu_30474_p2  |         +|   0|  0|  16|          16|          16|
    |add_ln712_2485_fu_29978_p2  |         +|   0|  0|  20|          13|          10|
    |add_ln712_2486_fu_29988_p2  |         +|   0|  0|  21|          14|          14|
    |add_ln712_2487_fu_30482_p2  |         +|   0|  0|  16|          16|          16|
    |add_ln712_2488_fu_30488_p2  |         +|   0|  0|  16|          16|          16|
    |add_ln712_2489_fu_29994_p2  |         +|   0|  0|  18|          11|           9|
    |add_ln712_2490_fu_30004_p2  |         +|   0|  0|  22|          15|          15|
    |add_ln712_2491_fu_30497_p2  |         +|   0|  0|  16|          16|          16|
    |add_ln712_2492_fu_30010_p2  |         +|   0|  0|  22|          15|          15|
    |add_ln712_2493_fu_30020_p2  |         +|   0|  0|  20|          13|           6|
    |add_ln712_2494_fu_30030_p2  |         +|   0|  0|  21|          14|          14|
    |add_ln712_2495_fu_30040_p2  |         +|   0|  0|  23|          16|          16|
    |add_ln712_2496_fu_30509_p2  |         +|   0|  0|  16|          16|          16|
    |add_ln712_2497_fu_30370_p2  |         +|   0|  0|  21|          14|          10|
    |add_ln712_2498_fu_30380_p2  |         +|   0|  0|  22|          15|          15|
    |add_ln712_2499_fu_30518_p2  |         +|   0|  0|  16|          16|          16|
    |add_ln712_2500_fu_30524_p2  |         +|   0|  0|  16|          16|          16|
    |add_ln712_2501_fu_30386_p2  |         +|   0|  0|  20|          13|          10|
    |add_ln712_2502_fu_30396_p2  |         +|   0|  0|  21|          14|          14|
    |add_ln712_2503_fu_30533_p2  |         +|   0|  0|  16|          16|          16|
    |add_ln712_2504_fu_30539_p2  |         +|   0|  0|  16|          16|          16|
    |add_ln712_2505_fu_30402_p2  |         +|   0|  0|  18|          11|           9|
    |add_ln712_2506_fu_30412_p2  |         +|   0|  0|  22|          15|          15|
    |add_ln712_2507_fu_30548_p2  |         +|   0|  0|  16|          16|          16|
    |add_ln712_2508_fu_30418_p2  |         +|   0|  0|  22|          15|          15|
    |add_ln712_2509_fu_30428_p2  |         +|   0|  0|  20|          13|           6|
    |add_ln712_2510_fu_30438_p2  |         +|   0|  0|  21|          14|          14|
    |add_ln712_2511_fu_30448_p2  |         +|   0|  0|  23|          16|          16|
    |add_ln712_fu_28875_p2       |         +|   0|  0|  16|          16|          16|
    |sub_ln1171_540_fu_21343_p2  |         -|   0|  0|  27|          20|          20|
    |sub_ln1171_541_fu_21371_p2  |         -|   0|  0|  26|          19|          19|
    |sub_ln1171_542_fu_21487_p2  |         -|   0|  0|  27|          20|          20|
    |sub_ln1171_543_fu_21539_p2  |         -|   0|  0|  27|          20|          20|
    |sub_ln1171_544_fu_21559_p2  |         -|   0|  0|  25|           1|          18|
    |sub_ln1171_545_fu_21579_p2  |         -|   0|  0|  27|          20|          20|
    |sub_ln1171_546_fu_21746_p2  |         -|   0|  0|  25|           1|          18|
    |sub_ln1171_547_fu_21791_p2  |         -|   0|  0|  27|          20|          20|
    |sub_ln1171_548_fu_21819_p2  |         -|   0|  0|  26|          19|          19|
    |sub_ln1171_549_fu_21935_p2  |         -|   0|  0|  27|          20|          20|
    |sub_ln1171_550_fu_21987_p2  |         -|   0|  0|  27|          20|          20|
    |sub_ln1171_551_fu_22007_p2  |         -|   0|  0|  25|           1|          18|
    |sub_ln1171_552_fu_22027_p2  |         -|   0|  0|  27|          20|          20|
    |sub_ln1171_553_fu_22194_p2  |         -|   0|  0|  25|           1|          18|
    |sub_ln1171_554_fu_22239_p2  |         -|   0|  0|  27|          20|          20|
    |sub_ln1171_555_fu_22267_p2  |         -|   0|  0|  26|          19|          19|
    |sub_ln1171_556_fu_22383_p2  |         -|   0|  0|  27|          20|          20|
    |sub_ln1171_557_fu_22435_p2  |         -|   0|  0|  27|          20|          20|
    |sub_ln1171_558_fu_22455_p2  |         -|   0|  0|  25|           1|          18|
    |sub_ln1171_559_fu_22475_p2  |         -|   0|  0|  27|          20|          20|
    |sub_ln1171_560_fu_22642_p2  |         -|   0|  0|  25|           1|          18|
    |sub_ln1171_561_fu_22687_p2  |         -|   0|  0|  27|          20|          20|
    |sub_ln1171_562_fu_22715_p2  |         -|   0|  0|  26|          19|          19|
    |sub_ln1171_563_fu_22831_p2  |         -|   0|  0|  27|          20|          20|
    |sub_ln1171_564_fu_22883_p2  |         -|   0|  0|  27|          20|          20|
    |sub_ln1171_565_fu_22903_p2  |         -|   0|  0|  25|           1|          18|
    |sub_ln1171_566_fu_22923_p2  |         -|   0|  0|  27|          20|          20|
    |sub_ln1171_567_fu_23090_p2  |         -|   0|  0|  25|           1|          18|
    |sub_ln1171_568_fu_23135_p2  |         -|   0|  0|  27|          20|          20|
    |sub_ln1171_569_fu_23163_p2  |         -|   0|  0|  26|          19|          19|
    |sub_ln1171_570_fu_23269_p2  |         -|   0|  0|  27|          20|          20|
    |sub_ln1171_571_fu_23321_p2  |         -|   0|  0|  27|          20|          20|
    |sub_ln1171_572_fu_23341_p2  |         -|   0|  0|  25|           1|          18|
    |sub_ln1171_573_fu_23361_p2  |         -|   0|  0|  27|          20|          20|
    |sub_ln1171_574_fu_23518_p2  |         -|   0|  0|  25|           1|          18|
    |sub_ln1171_575_fu_23563_p2  |         -|   0|  0|  27|          20|          20|
    |sub_ln1171_576_fu_23591_p2  |         -|   0|  0|  26|          19|          19|
    |sub_ln1171_577_fu_23707_p2  |         -|   0|  0|  27|          20|          20|
    |sub_ln1171_578_fu_23759_p2  |         -|   0|  0|  27|          20|          20|
    |sub_ln1171_579_fu_23779_p2  |         -|   0|  0|  25|           1|          18|
    |sub_ln1171_580_fu_23799_p2  |         -|   0|  0|  27|          20|          20|
    |sub_ln1171_581_fu_23966_p2  |         -|   0|  0|  25|           1|          18|
    |sub_ln1171_582_fu_24011_p2  |         -|   0|  0|  27|          20|          20|
    |sub_ln1171_583_fu_24039_p2  |         -|   0|  0|  26|          19|          19|
    |sub_ln1171_584_fu_24155_p2  |         -|   0|  0|  27|          20|          20|
    |sub_ln1171_585_fu_24207_p2  |         -|   0|  0|  27|          20|          20|
    |sub_ln1171_586_fu_24227_p2  |         -|   0|  0|  25|           1|          18|
    |sub_ln1171_587_fu_24247_p2  |         -|   0|  0|  27|          20|          20|
    |sub_ln1171_588_fu_24404_p2  |         -|   0|  0|  25|           1|          18|
    |sub_ln1171_589_fu_24449_p2  |         -|   0|  0|  27|          20|          20|
    |sub_ln1171_590_fu_24477_p2  |         -|   0|  0|  26|          19|          19|
    |sub_ln1171_591_fu_24593_p2  |         -|   0|  0|  27|          20|          20|
    |sub_ln1171_592_fu_24645_p2  |         -|   0|  0|  27|          20|          20|
    |sub_ln1171_593_fu_24665_p2  |         -|   0|  0|  25|           1|          18|
    |sub_ln1171_594_fu_24685_p2  |         -|   0|  0|  27|          20|          20|
    |sub_ln1171_595_fu_24852_p2  |         -|   0|  0|  25|           1|          18|
    |sub_ln1171_596_fu_24897_p2  |         -|   0|  0|  27|          20|          20|
    |sub_ln1171_597_fu_24925_p2  |         -|   0|  0|  26|          19|          19|
    |sub_ln1171_598_fu_25041_p2  |         -|   0|  0|  27|          20|          20|
    |sub_ln1171_599_fu_25093_p2  |         -|   0|  0|  27|          20|          20|
    |sub_ln1171_600_fu_25113_p2  |         -|   0|  0|  25|           1|          18|
    |sub_ln1171_601_fu_25133_p2  |         -|   0|  0|  27|          20|          20|
    |sub_ln1171_602_fu_25300_p2  |         -|   0|  0|  25|           1|          18|
    |sub_ln1171_603_fu_25345_p2  |         -|   0|  0|  27|          20|          20|
    |sub_ln1171_604_fu_25373_p2  |         -|   0|  0|  26|          19|          19|
    |sub_ln1171_605_fu_25489_p2  |         -|   0|  0|  27|          20|          20|
    |sub_ln1171_606_fu_25541_p2  |         -|   0|  0|  27|          20|          20|
    |sub_ln1171_607_fu_25561_p2  |         -|   0|  0|  25|           1|          18|
    |sub_ln1171_608_fu_25581_p2  |         -|   0|  0|  27|          20|          20|
    |sub_ln1171_609_fu_25748_p2  |         -|   0|  0|  25|           1|          18|
    |sub_ln1171_610_fu_25793_p2  |         -|   0|  0|  27|          20|          20|
    |sub_ln1171_611_fu_25821_p2  |         -|   0|  0|  26|          19|          19|
    |sub_ln1171_612_fu_25937_p2  |         -|   0|  0|  27|          20|          20|
    |sub_ln1171_613_fu_25989_p2  |         -|   0|  0|  27|          20|          20|
    |sub_ln1171_614_fu_26009_p2  |         -|   0|  0|  25|           1|          18|
    |sub_ln1171_615_fu_26029_p2  |         -|   0|  0|  27|          20|          20|
    |sub_ln1171_616_fu_26196_p2  |         -|   0|  0|  25|           1|          18|
    |sub_ln1171_617_fu_26241_p2  |         -|   0|  0|  27|          20|          20|
    |sub_ln1171_618_fu_26269_p2  |         -|   0|  0|  26|          19|          19|
    |sub_ln1171_619_fu_26385_p2  |         -|   0|  0|  27|          20|          20|
    |sub_ln1171_620_fu_26437_p2  |         -|   0|  0|  27|          20|          20|
    |sub_ln1171_621_fu_26457_p2  |         -|   0|  0|  25|           1|          18|
    |sub_ln1171_622_fu_26477_p2  |         -|   0|  0|  27|          20|          20|
    |sub_ln1171_623_fu_26634_p2  |         -|   0|  0|  25|           1|          18|
    |sub_ln1171_624_fu_26679_p2  |         -|   0|  0|  27|          20|          20|
    |sub_ln1171_625_fu_26707_p2  |         -|   0|  0|  26|          19|          19|
    |sub_ln1171_626_fu_26813_p2  |         -|   0|  0|  27|          20|          20|
    |sub_ln1171_627_fu_26865_p2  |         -|   0|  0|  27|          20|          20|
    |sub_ln1171_628_fu_26885_p2  |         -|   0|  0|  25|           1|          18|
    |sub_ln1171_629_fu_26905_p2  |         -|   0|  0|  27|          20|          20|
    |sub_ln1171_630_fu_27072_p2  |         -|   0|  0|  25|           1|          18|
    |sub_ln1171_631_fu_27117_p2  |         -|   0|  0|  27|          20|          20|
    |sub_ln1171_632_fu_27145_p2  |         -|   0|  0|  26|          19|          19|
    |sub_ln1171_633_fu_27261_p2  |         -|   0|  0|  27|          20|          20|
    |sub_ln1171_634_fu_27313_p2  |         -|   0|  0|  27|          20|          20|
    |sub_ln1171_635_fu_27333_p2  |         -|   0|  0|  25|           1|          18|
    |sub_ln1171_636_fu_27353_p2  |         -|   0|  0|  27|          20|          20|
    |sub_ln1171_637_fu_27520_p2  |         -|   0|  0|  25|           1|          18|
    |sub_ln1171_638_fu_27565_p2  |         -|   0|  0|  27|          20|          20|
    |sub_ln1171_639_fu_27593_p2  |         -|   0|  0|  26|          19|          19|
    |sub_ln1171_640_fu_27709_p2  |         -|   0|  0|  27|          20|          20|
    |sub_ln1171_641_fu_27761_p2  |         -|   0|  0|  27|          20|          20|
    |sub_ln1171_642_fu_27781_p2  |         -|   0|  0|  25|           1|          18|
    |sub_ln1171_643_fu_27801_p2  |         -|   0|  0|  27|          20|          20|
    |sub_ln1171_644_fu_27968_p2  |         -|   0|  0|  25|           1|          18|
    |sub_ln1171_645_fu_28013_p2  |         -|   0|  0|  27|          20|          20|
    |sub_ln1171_646_fu_28041_p2  |         -|   0|  0|  26|          19|          19|
    |sub_ln1171_647_fu_28157_p2  |         -|   0|  0|  27|          20|          20|
    |sub_ln1171_648_fu_28209_p2  |         -|   0|  0|  27|          20|          20|
    |sub_ln1171_649_fu_28229_p2  |         -|   0|  0|  25|           1|          18|
    |sub_ln1171_650_fu_28249_p2  |         -|   0|  0|  27|          20|          20|
    |sub_ln1171_651_fu_28416_p2  |         -|   0|  0|  25|           1|          18|
    |sub_ln1171_652_fu_28461_p2  |         -|   0|  0|  27|          20|          20|
    |sub_ln1171_653_fu_28489_p2  |         -|   0|  0|  26|          19|          19|
    |sub_ln1171_654_fu_28605_p2  |         -|   0|  0|  27|          20|          20|
    |sub_ln1171_655_fu_28657_p2  |         -|   0|  0|  27|          20|          20|
    |sub_ln1171_656_fu_28677_p2  |         -|   0|  0|  25|           1|          18|
    |sub_ln1171_657_fu_28697_p2  |         -|   0|  0|  27|          20|          20|
    |sub_ln1171_658_fu_28853_p2  |         -|   0|  0|  25|           1|          18|
    |sub_ln1171_659_fu_29702_p2  |         -|   0|  0|  27|          20|          20|
    |sub_ln1171_660_fu_29730_p2  |         -|   0|  0|  26|          19|          19|
    |sub_ln1171_661_fu_29836_p2  |         -|   0|  0|  27|          20|          20|
    |sub_ln1171_662_fu_29888_p2  |         -|   0|  0|  27|          20|          20|
    |sub_ln1171_663_fu_29908_p2  |         -|   0|  0|  25|           1|          18|
    |sub_ln1171_664_fu_29928_p2  |         -|   0|  0|  27|          20|          20|
    |sub_ln1171_665_fu_30065_p2  |         -|   0|  0|  25|           1|          18|
    |sub_ln1171_666_fu_30110_p2  |         -|   0|  0|  27|          20|          20|
    |sub_ln1171_667_fu_30138_p2  |         -|   0|  0|  26|          19|          19|
    |sub_ln1171_668_fu_30244_p2  |         -|   0|  0|  27|          20|          20|
    |sub_ln1171_669_fu_30296_p2  |         -|   0|  0|  27|          20|          20|
    |sub_ln1171_670_fu_30316_p2  |         -|   0|  0|  25|           1|          18|
    |sub_ln1171_671_fu_30336_p2  |         -|   0|  0|  27|          20|          20|
    |sub_ln1171_fu_21298_p2      |         -|   0|  0|  25|           1|          18|
    +----------------------------+----------+----+---+----+------------+------------+
    |Total                       |          |   0|  0|9823|        6783|        7125|
    +----------------------------+----------+----+---+----+------------+------------+

    * Multiplexer: 
    +---------------+----+-----------+-----+-----------+
    |      Name     | LUT| Input Size| Bits| Total Bits|
    +---------------+----+-----------+-----+-----------+
    |ap_NS_fsm      |  17|          4|    1|          4|
    |grp_fu_716_p0  |  13|          3|   16|         48|
    |grp_fu_732_p0  |  13|          3|   16|         48|
    |grp_fu_738_p0  |  13|          3|   16|         48|
    |grp_fu_743_p0  |  13|          3|   16|         48|
    |grp_fu_745_p0  |  13|          3|   16|         48|
    |grp_fu_748_p0  |  13|          3|   16|         48|
    +---------------+----+-----------+-----+-----------+
    |Total          |  95|         22|   97|        292|
    +---------------+----+-----------+-----+-----------+

    * Register: 
    +---------------------------+----+----+-----+-----------+
    |            Name           | FF | LUT| Bits| Const Bits|
    +---------------------------+----+----+-----+-----------+
    |add_ln712_2210_reg_30965   |  15|   0|   15|          0|
    |add_ln712_2211_reg_31780   |  16|   0|   16|          0|
    |add_ln712_2214_reg_30970   |  14|   0|   14|          0|
    |add_ln712_2215_reg_31785   |  16|   0|   16|          0|
    |add_ln712_2218_reg_30975   |  15|   0|   15|          0|
    |add_ln712_2219_reg_31790   |  16|   0|   16|          0|
    |add_ln712_2223_reg_30980   |  16|   0|   16|          0|
    |add_ln712_2226_reg_31015   |  15|   0|   15|          0|
    |add_ln712_2227_reg_31795   |  16|   0|   16|          0|
    |add_ln712_2230_reg_31020   |  14|   0|   14|          0|
    |add_ln712_2231_reg_31800   |  16|   0|   16|          0|
    |add_ln712_2234_reg_31025   |  15|   0|   15|          0|
    |add_ln712_2235_reg_31805   |  16|   0|   16|          0|
    |add_ln712_2239_reg_31030   |  16|   0|   16|          0|
    |add_ln712_2242_reg_31065   |  15|   0|   15|          0|
    |add_ln712_2243_reg_31810   |  16|   0|   16|          0|
    |add_ln712_2246_reg_31070   |  14|   0|   14|          0|
    |add_ln712_2247_reg_31815   |  16|   0|   16|          0|
    |add_ln712_2250_reg_31075   |  15|   0|   15|          0|
    |add_ln712_2251_reg_31820   |  16|   0|   16|          0|
    |add_ln712_2255_reg_31080   |  16|   0|   16|          0|
    |add_ln712_2258_reg_31115   |  15|   0|   15|          0|
    |add_ln712_2259_reg_31825   |  16|   0|   16|          0|
    |add_ln712_2262_reg_31120   |  14|   0|   14|          0|
    |add_ln712_2263_reg_31830   |  16|   0|   16|          0|
    |add_ln712_2266_reg_31125   |  15|   0|   15|          0|
    |add_ln712_2267_reg_31835   |  16|   0|   16|          0|
    |add_ln712_2271_reg_31130   |  16|   0|   16|          0|
    |add_ln712_2274_reg_31160   |  15|   0|   15|          0|
    |add_ln712_2275_reg_31840   |  16|   0|   16|          0|
    |add_ln712_2278_reg_31165   |  14|   0|   14|          0|
    |add_ln712_2279_reg_31845   |  16|   0|   16|          0|
    |add_ln712_2282_reg_31170   |  15|   0|   15|          0|
    |add_ln712_2283_reg_31850   |  16|   0|   16|          0|
    |add_ln712_2287_reg_31175   |  16|   0|   16|          0|
    |add_ln712_2290_reg_31205   |  15|   0|   15|          0|
    |add_ln712_2291_reg_31855   |  16|   0|   16|          0|
    |add_ln712_2294_reg_31210   |  14|   0|   14|          0|
    |add_ln712_2295_reg_31860   |  16|   0|   16|          0|
    |add_ln712_2298_reg_31215   |  15|   0|   15|          0|
    |add_ln712_2299_reg_31865   |  16|   0|   16|          0|
    |add_ln712_2303_reg_31220   |  16|   0|   16|          0|
    |add_ln712_2306_reg_31255   |  15|   0|   15|          0|
    |add_ln712_2307_reg_31870   |  16|   0|   16|          0|
    |add_ln712_2310_reg_31260   |  14|   0|   14|          0|
    |add_ln712_2311_reg_31875   |  16|   0|   16|          0|
    |add_ln712_2314_reg_31265   |  15|   0|   15|          0|
    |add_ln712_2315_reg_31880   |  16|   0|   16|          0|
    |add_ln712_2319_reg_31270   |  16|   0|   16|          0|
    |add_ln712_2322_reg_31300   |  15|   0|   15|          0|
    |add_ln712_2323_reg_31885   |  16|   0|   16|          0|
    |add_ln712_2326_reg_31305   |  14|   0|   14|          0|
    |add_ln712_2327_reg_31890   |  16|   0|   16|          0|
    |add_ln712_2330_reg_31310   |  15|   0|   15|          0|
    |add_ln712_2331_reg_31895   |  16|   0|   16|          0|
    |add_ln712_2335_reg_31315   |  16|   0|   16|          0|
    |add_ln712_2338_reg_31350   |  15|   0|   15|          0|
    |add_ln712_2339_reg_31900   |  16|   0|   16|          0|
    |add_ln712_2342_reg_31355   |  14|   0|   14|          0|
    |add_ln712_2343_reg_31905   |  16|   0|   16|          0|
    |add_ln712_2346_reg_31360   |  15|   0|   15|          0|
    |add_ln712_2347_reg_31910   |  16|   0|   16|          0|
    |add_ln712_2351_reg_31365   |  16|   0|   16|          0|
    |add_ln712_2354_reg_31400   |  15|   0|   15|          0|
    |add_ln712_2355_reg_31915   |  16|   0|   16|          0|
    |add_ln712_2358_reg_31405   |  14|   0|   14|          0|
    |add_ln712_2359_reg_31920   |  16|   0|   16|          0|
    |add_ln712_2362_reg_31410   |  15|   0|   15|          0|
    |add_ln712_2363_reg_31925   |  16|   0|   16|          0|
    |add_ln712_2367_reg_31415   |  16|   0|   16|          0|
    |add_ln712_2370_reg_31450   |  15|   0|   15|          0|
    |add_ln712_2371_reg_31930   |  16|   0|   16|          0|
    |add_ln712_2374_reg_31455   |  14|   0|   14|          0|
    |add_ln712_2375_reg_31935   |  16|   0|   16|          0|
    |add_ln712_2378_reg_31460   |  15|   0|   15|          0|
    |add_ln712_2379_reg_31940   |  16|   0|   16|          0|
    |add_ln712_2383_reg_31465   |  16|   0|   16|          0|
    |add_ln712_2386_reg_31500   |  15|   0|   15|          0|
    |add_ln712_2387_reg_31945   |  16|   0|   16|          0|
    |add_ln712_2390_reg_31505   |  14|   0|   14|          0|
    |add_ln712_2391_reg_31950   |  16|   0|   16|          0|
    |add_ln712_2394_reg_31510   |  15|   0|   15|          0|
    |add_ln712_2395_reg_31955   |  16|   0|   16|          0|
    |add_ln712_2399_reg_31515   |  16|   0|   16|          0|
    |add_ln712_2402_reg_31540   |  15|   0|   15|          0|
    |add_ln712_2403_reg_31960   |  16|   0|   16|          0|
    |add_ln712_2406_reg_31545   |  14|   0|   14|          0|
    |add_ln712_2407_reg_31965   |  16|   0|   16|          0|
    |add_ln712_2410_reg_31550   |  15|   0|   15|          0|
    |add_ln712_2411_reg_31970   |  16|   0|   16|          0|
    |add_ln712_2415_reg_31555   |  16|   0|   16|          0|
    |add_ln712_2418_reg_31590   |  15|   0|   15|          0|
    |add_ln712_2419_reg_31975   |  16|   0|   16|          0|
    |add_ln712_2422_reg_31595   |  14|   0|   14|          0|
    |add_ln712_2423_reg_31980   |  16|   0|   16|          0|
    |add_ln712_2426_reg_31600   |  15|   0|   15|          0|
    |add_ln712_2427_reg_31985   |  16|   0|   16|          0|
    |add_ln712_2431_reg_31605   |  16|   0|   16|          0|
    |add_ln712_2434_reg_31640   |  15|   0|   15|          0|
    |add_ln712_2435_reg_31990   |  16|   0|   16|          0|
    |add_ln712_2438_reg_31645   |  14|   0|   14|          0|
    |add_ln712_2439_reg_31995   |  16|   0|   16|          0|
    |add_ln712_2442_reg_31650   |  15|   0|   15|          0|
    |add_ln712_2443_reg_32000   |  16|   0|   16|          0|
    |add_ln712_2447_reg_31655   |  16|   0|   16|          0|
    |add_ln712_2450_reg_31690   |  15|   0|   15|          0|
    |add_ln712_2451_reg_32005   |  16|   0|   16|          0|
    |add_ln712_2454_reg_31695   |  14|   0|   14|          0|
    |add_ln712_2455_reg_32010   |  16|   0|   16|          0|
    |add_ln712_2458_reg_31700   |  15|   0|   15|          0|
    |add_ln712_2459_reg_32015   |  16|   0|   16|          0|
    |add_ln712_2463_reg_31705   |  16|   0|   16|          0|
    |add_ln712_2466_reg_31740   |  15|   0|   15|          0|
    |add_ln712_2467_reg_32020   |  16|   0|   16|          0|
    |add_ln712_2470_reg_31745   |  14|   0|   14|          0|
    |add_ln712_2471_reg_32025   |  16|   0|   16|          0|
    |add_ln712_2474_reg_31750   |  15|   0|   15|          0|
    |add_ln712_2475_reg_32030   |  16|   0|   16|          0|
    |add_ln712_2479_reg_31755   |  16|   0|   16|          0|
    |add_ln712_2482_reg_32045   |  15|   0|   15|          0|
    |add_ln712_2486_reg_32050   |  14|   0|   14|          0|
    |add_ln712_2490_reg_32055   |  15|   0|   15|          0|
    |add_ln712_2495_reg_32060   |  16|   0|   16|          0|
    |add_ln712_2498_reg_32075   |  15|   0|   15|          0|
    |add_ln712_2502_reg_32080   |  14|   0|   14|          0|
    |add_ln712_2506_reg_32085   |  15|   0|   15|          0|
    |add_ln712_2511_reg_32090   |  16|   0|   16|          0|
    |ap_CS_fsm                  |   3|   0|    3|          0|
    |ap_port_reg_p_read67       |  16|   0|   16|          0|
    |ap_port_reg_p_read68       |  16|   0|   16|          0|
    |ap_port_reg_p_read69       |  16|   0|   16|          0|
    |ap_port_reg_p_read80       |  16|   0|   16|          0|
    |ap_port_reg_p_read81       |  16|   0|   16|          0|
    |ap_port_reg_p_read82       |  16|   0|   16|          0|
    |ap_port_reg_p_read83       |  16|   0|   16|          0|
    |reg_21235                  |  16|   0|   16|          0|
    |reg_21239                  |  16|   0|   16|          0|
    |reg_21243                  |  16|   0|   16|          0|
    |reg_21247                  |  16|   0|   16|          0|
    |reg_21251                  |  16|   0|   16|          0|
    |reg_21255                  |  16|   0|   16|          0|
    |sext_ln717_585_reg_31760   |  22|   0|   22|          0|
    |trunc_ln717_288_reg_30950  |  14|   0|   14|          0|
    |trunc_ln717_290_reg_30955  |  16|   0|   16|          0|
    |trunc_ln717_293_reg_30960  |  14|   0|   14|          0|
    |trunc_ln717_300_reg_30985  |  16|   0|   16|          0|
    |trunc_ln717_301_reg_30990  |  16|   0|   16|          0|
    |trunc_ln717_302_reg_30995  |  16|   0|   16|          0|
    |trunc_ln717_304_reg_31000  |  14|   0|   14|          0|
    |trunc_ln717_306_reg_31005  |  16|   0|   16|          0|
    |trunc_ln717_309_reg_31010  |  14|   0|   14|          0|
    |trunc_ln717_316_reg_31035  |  16|   0|   16|          0|
    |trunc_ln717_317_reg_31040  |  16|   0|   16|          0|
    |trunc_ln717_318_reg_31045  |  16|   0|   16|          0|
    |trunc_ln717_320_reg_31050  |  14|   0|   14|          0|
    |trunc_ln717_322_reg_31055  |  16|   0|   16|          0|
    |trunc_ln717_325_reg_31060  |  14|   0|   14|          0|
    |trunc_ln717_332_reg_31085  |  16|   0|   16|          0|
    |trunc_ln717_333_reg_31090  |  16|   0|   16|          0|
    |trunc_ln717_334_reg_31095  |  16|   0|   16|          0|
    |trunc_ln717_336_reg_31100  |  14|   0|   14|          0|
    |trunc_ln717_338_reg_31105  |  16|   0|   16|          0|
    |trunc_ln717_341_reg_31110  |  14|   0|   14|          0|
    |trunc_ln717_348_reg_31135  |  16|   0|   16|          0|
    |trunc_ln717_349_reg_31140  |  16|   0|   16|          0|
    |trunc_ln717_350_reg_31145  |  16|   0|   16|          0|
    |trunc_ln717_352_reg_31150  |  14|   0|   14|          0|
    |trunc_ln717_357_reg_31155  |  14|   0|   14|          0|
    |trunc_ln717_365_reg_31180  |  16|   0|   16|          0|
    |trunc_ln717_366_reg_31185  |  16|   0|   16|          0|
    |trunc_ln717_368_reg_31190  |  14|   0|   14|          0|
    |trunc_ln717_370_reg_31195  |  16|   0|   16|          0|
    |trunc_ln717_373_reg_31200  |  14|   0|   14|          0|
    |trunc_ln717_380_reg_31225  |  16|   0|   16|          0|
    |trunc_ln717_381_reg_31230  |  16|   0|   16|          0|
    |trunc_ln717_382_reg_31235  |  16|   0|   16|          0|
    |trunc_ln717_384_reg_31240  |  14|   0|   14|          0|
    |trunc_ln717_386_reg_31245  |  16|   0|   16|          0|
    |trunc_ln717_389_reg_31250  |  14|   0|   14|          0|
    |trunc_ln717_396_reg_31275  |  16|   0|   16|          0|
    |trunc_ln717_398_reg_31280  |  16|   0|   16|          0|
    |trunc_ln717_400_reg_31285  |  14|   0|   14|          0|
    |trunc_ln717_402_reg_31290  |  16|   0|   16|          0|
    |trunc_ln717_405_reg_31295  |  14|   0|   14|          0|
    |trunc_ln717_412_reg_31320  |  16|   0|   16|          0|
    |trunc_ln717_413_reg_31325  |  16|   0|   16|          0|
    |trunc_ln717_414_reg_31330  |  16|   0|   16|          0|
    |trunc_ln717_416_reg_31335  |  14|   0|   14|          0|
    |trunc_ln717_418_reg_31340  |  16|   0|   16|          0|
    |trunc_ln717_421_reg_31345  |  14|   0|   14|          0|
    |trunc_ln717_428_reg_31370  |  16|   0|   16|          0|
    |trunc_ln717_429_reg_31375  |  16|   0|   16|          0|
    |trunc_ln717_430_reg_31380  |  16|   0|   16|          0|
    |trunc_ln717_432_reg_31385  |  14|   0|   14|          0|
    |trunc_ln717_434_reg_31390  |  16|   0|   16|          0|
    |trunc_ln717_437_reg_31395  |  14|   0|   14|          0|
    |trunc_ln717_444_reg_31420  |  16|   0|   16|          0|
    |trunc_ln717_445_reg_31425  |  16|   0|   16|          0|
    |trunc_ln717_446_reg_31430  |  16|   0|   16|          0|
    |trunc_ln717_448_reg_31435  |  14|   0|   14|          0|
    |trunc_ln717_450_reg_31440  |  16|   0|   16|          0|
    |trunc_ln717_453_reg_31445  |  14|   0|   14|          0|
    |trunc_ln717_460_reg_31470  |  16|   0|   16|          0|
    |trunc_ln717_461_reg_31475  |  16|   0|   16|          0|
    |trunc_ln717_462_reg_31480  |  16|   0|   16|          0|
    |trunc_ln717_464_reg_31485  |  14|   0|   14|          0|
    |trunc_ln717_466_reg_31490  |  16|   0|   16|          0|
    |trunc_ln717_469_reg_31495  |  14|   0|   14|          0|
    |trunc_ln717_476_reg_31520  |  16|   0|   16|          0|
    |trunc_ln717_477_reg_31525  |  16|   0|   16|          0|
    |trunc_ln717_480_reg_31530  |  14|   0|   14|          0|
    |trunc_ln717_485_reg_31535  |  14|   0|   14|          0|
    |trunc_ln717_492_reg_31560  |  16|   0|   16|          0|
    |trunc_ln717_493_reg_31565  |  16|   0|   16|          0|
    |trunc_ln717_494_reg_31570  |  16|   0|   16|          0|
    |trunc_ln717_496_reg_31575  |  14|   0|   14|          0|
    |trunc_ln717_498_reg_31580  |  16|   0|   16|          0|
    |trunc_ln717_501_reg_31585  |  14|   0|   14|          0|
    |trunc_ln717_508_reg_31610  |  16|   0|   16|          0|
    |trunc_ln717_509_reg_31615  |  16|   0|   16|          0|
    |trunc_ln717_510_reg_31620  |  16|   0|   16|          0|
    |trunc_ln717_512_reg_31625  |  14|   0|   14|          0|
    |trunc_ln717_514_reg_31630  |  16|   0|   16|          0|
    |trunc_ln717_517_reg_31635  |  14|   0|   14|          0|
    |trunc_ln717_524_reg_31660  |  16|   0|   16|          0|
    |trunc_ln717_525_reg_31665  |  16|   0|   16|          0|
    |trunc_ln717_526_reg_31670  |  16|   0|   16|          0|
    |trunc_ln717_528_reg_31675  |  14|   0|   14|          0|
    |trunc_ln717_530_reg_31680  |  16|   0|   16|          0|
    |trunc_ln717_533_reg_31685  |  14|   0|   14|          0|
    |trunc_ln717_540_reg_31710  |  16|   0|   16|          0|
    |trunc_ln717_541_reg_31715  |  16|   0|   16|          0|
    |trunc_ln717_542_reg_31720  |  16|   0|   16|          0|
    |trunc_ln717_544_reg_31725  |  14|   0|   14|          0|
    |trunc_ln717_546_reg_31730  |  16|   0|   16|          0|
    |trunc_ln717_549_reg_31735  |  14|   0|   14|          0|
    |trunc_ln717_556_reg_31765  |  16|   0|   16|          0|
    |trunc_ln717_557_reg_31770  |  16|   0|   16|          0|
    |trunc_ln717_559_reg_31775  |  12|   0|   12|          0|
    |trunc_ln717_560_reg_32035  |  14|   0|   14|          0|
    |trunc_ln717_565_reg_32040  |  14|   0|   14|          0|
    |trunc_ln717_576_reg_32065  |  14|   0|   14|          0|
    |trunc_ln717_581_reg_32070  |  14|   0|   14|          0|
    |trunc_ln717_s_reg_30945    |  16|   0|   16|          0|
    |trunc_ln_reg_30940         |  16|   0|   16|          0|
    +---------------------------+----+----+-----+-----------+
    |Total                      |3757|   0| 3757|          0|
    +---------------------------+----+----+-----+-----------+



================================================================
== Interface
================================================================
* Summary: 
+--------------+-----+-----+------------+---------------------------------------------------+--------------+
|   RTL Ports  | Dir | Bits|  Protocol  |                   Source Object                   |    C Type    |
+--------------+-----+-----+------------+---------------------------------------------------+--------------+
|ap_clk        |   in|    1|  ap_ctrl_hs|  conv_2d_cl<ap_fixed,ap_fixed<16,6,5,3,0>,config6>|  return value|
|ap_rst        |   in|    1|  ap_ctrl_hs|  conv_2d_cl<ap_fixed,ap_fixed<16,6,5,3,0>,config6>|  return value|
|ap_start      |   in|    1|  ap_ctrl_hs|  conv_2d_cl<ap_fixed,ap_fixed<16,6,5,3,0>,config6>|  return value|
|ap_done       |  out|    1|  ap_ctrl_hs|  conv_2d_cl<ap_fixed,ap_fixed<16,6,5,3,0>,config6>|  return value|
|ap_idle       |  out|    1|  ap_ctrl_hs|  conv_2d_cl<ap_fixed,ap_fixed<16,6,5,3,0>,config6>|  return value|
|ap_ready      |  out|    1|  ap_ctrl_hs|  conv_2d_cl<ap_fixed,ap_fixed<16,6,5,3,0>,config6>|  return value|
|ap_return_0   |  out|   16|  ap_ctrl_hs|  conv_2d_cl<ap_fixed,ap_fixed<16,6,5,3,0>,config6>|  return value|
|ap_return_1   |  out|   16|  ap_ctrl_hs|  conv_2d_cl<ap_fixed,ap_fixed<16,6,5,3,0>,config6>|  return value|
|ap_return_2   |  out|   16|  ap_ctrl_hs|  conv_2d_cl<ap_fixed,ap_fixed<16,6,5,3,0>,config6>|  return value|
|ap_return_3   |  out|   16|  ap_ctrl_hs|  conv_2d_cl<ap_fixed,ap_fixed<16,6,5,3,0>,config6>|  return value|
|ap_return_4   |  out|   16|  ap_ctrl_hs|  conv_2d_cl<ap_fixed,ap_fixed<16,6,5,3,0>,config6>|  return value|
|ap_return_5   |  out|   16|  ap_ctrl_hs|  conv_2d_cl<ap_fixed,ap_fixed<16,6,5,3,0>,config6>|  return value|
|ap_return_6   |  out|   16|  ap_ctrl_hs|  conv_2d_cl<ap_fixed,ap_fixed<16,6,5,3,0>,config6>|  return value|
|ap_return_7   |  out|   16|  ap_ctrl_hs|  conv_2d_cl<ap_fixed,ap_fixed<16,6,5,3,0>,config6>|  return value|
|ap_return_8   |  out|   16|  ap_ctrl_hs|  conv_2d_cl<ap_fixed,ap_fixed<16,6,5,3,0>,config6>|  return value|
|ap_return_9   |  out|   16|  ap_ctrl_hs|  conv_2d_cl<ap_fixed,ap_fixed<16,6,5,3,0>,config6>|  return value|
|ap_return_10  |  out|   16|  ap_ctrl_hs|  conv_2d_cl<ap_fixed,ap_fixed<16,6,5,3,0>,config6>|  return value|
|ap_return_11  |  out|   16|  ap_ctrl_hs|  conv_2d_cl<ap_fixed,ap_fixed<16,6,5,3,0>,config6>|  return value|
|ap_return_12  |  out|   16|  ap_ctrl_hs|  conv_2d_cl<ap_fixed,ap_fixed<16,6,5,3,0>,config6>|  return value|
|ap_return_13  |  out|   16|  ap_ctrl_hs|  conv_2d_cl<ap_fixed,ap_fixed<16,6,5,3,0>,config6>|  return value|
|ap_return_14  |  out|   16|  ap_ctrl_hs|  conv_2d_cl<ap_fixed,ap_fixed<16,6,5,3,0>,config6>|  return value|
|ap_return_15  |  out|   16|  ap_ctrl_hs|  conv_2d_cl<ap_fixed,ap_fixed<16,6,5,3,0>,config6>|  return value|
|ap_return_16  |  out|   16|  ap_ctrl_hs|  conv_2d_cl<ap_fixed,ap_fixed<16,6,5,3,0>,config6>|  return value|
|ap_return_17  |  out|   16|  ap_ctrl_hs|  conv_2d_cl<ap_fixed,ap_fixed<16,6,5,3,0>,config6>|  return value|
|ap_return_18  |  out|   16|  ap_ctrl_hs|  conv_2d_cl<ap_fixed,ap_fixed<16,6,5,3,0>,config6>|  return value|
|ap_return_19  |  out|   16|  ap_ctrl_hs|  conv_2d_cl<ap_fixed,ap_fixed<16,6,5,3,0>,config6>|  return value|
|ap_return_20  |  out|   16|  ap_ctrl_hs|  conv_2d_cl<ap_fixed,ap_fixed<16,6,5,3,0>,config6>|  return value|
|ap_return_21  |  out|   16|  ap_ctrl_hs|  conv_2d_cl<ap_fixed,ap_fixed<16,6,5,3,0>,config6>|  return value|
|ap_return_22  |  out|   16|  ap_ctrl_hs|  conv_2d_cl<ap_fixed,ap_fixed<16,6,5,3,0>,config6>|  return value|
|ap_return_23  |  out|   16|  ap_ctrl_hs|  conv_2d_cl<ap_fixed,ap_fixed<16,6,5,3,0>,config6>|  return value|
|ap_return_24  |  out|   16|  ap_ctrl_hs|  conv_2d_cl<ap_fixed,ap_fixed<16,6,5,3,0>,config6>|  return value|
|ap_return_25  |  out|   16|  ap_ctrl_hs|  conv_2d_cl<ap_fixed,ap_fixed<16,6,5,3,0>,config6>|  return value|
|ap_return_26  |  out|   16|  ap_ctrl_hs|  conv_2d_cl<ap_fixed,ap_fixed<16,6,5,3,0>,config6>|  return value|
|ap_return_27  |  out|   16|  ap_ctrl_hs|  conv_2d_cl<ap_fixed,ap_fixed<16,6,5,3,0>,config6>|  return value|
|ap_return_28  |  out|   16|  ap_ctrl_hs|  conv_2d_cl<ap_fixed,ap_fixed<16,6,5,3,0>,config6>|  return value|
|ap_return_29  |  out|   16|  ap_ctrl_hs|  conv_2d_cl<ap_fixed,ap_fixed<16,6,5,3,0>,config6>|  return value|
|ap_return_30  |  out|   16|  ap_ctrl_hs|  conv_2d_cl<ap_fixed,ap_fixed<16,6,5,3,0>,config6>|  return value|
|ap_return_31  |  out|   16|  ap_ctrl_hs|  conv_2d_cl<ap_fixed,ap_fixed<16,6,5,3,0>,config6>|  return value|
|ap_return_32  |  out|   16|  ap_ctrl_hs|  conv_2d_cl<ap_fixed,ap_fixed<16,6,5,3,0>,config6>|  return value|
|ap_return_33  |  out|   16|  ap_ctrl_hs|  conv_2d_cl<ap_fixed,ap_fixed<16,6,5,3,0>,config6>|  return value|
|ap_return_34  |  out|   16|  ap_ctrl_hs|  conv_2d_cl<ap_fixed,ap_fixed<16,6,5,3,0>,config6>|  return value|
|ap_return_35  |  out|   16|  ap_ctrl_hs|  conv_2d_cl<ap_fixed,ap_fixed<16,6,5,3,0>,config6>|  return value|
|ap_return_36  |  out|   16|  ap_ctrl_hs|  conv_2d_cl<ap_fixed,ap_fixed<16,6,5,3,0>,config6>|  return value|
|ap_return_37  |  out|   16|  ap_ctrl_hs|  conv_2d_cl<ap_fixed,ap_fixed<16,6,5,3,0>,config6>|  return value|
|ap_return_38  |  out|   16|  ap_ctrl_hs|  conv_2d_cl<ap_fixed,ap_fixed<16,6,5,3,0>,config6>|  return value|
|ap_return_39  |  out|   16|  ap_ctrl_hs|  conv_2d_cl<ap_fixed,ap_fixed<16,6,5,3,0>,config6>|  return value|
|ap_return_40  |  out|   16|  ap_ctrl_hs|  conv_2d_cl<ap_fixed,ap_fixed<16,6,5,3,0>,config6>|  return value|
|ap_return_41  |  out|   16|  ap_ctrl_hs|  conv_2d_cl<ap_fixed,ap_fixed<16,6,5,3,0>,config6>|  return value|
|ap_return_42  |  out|   16|  ap_ctrl_hs|  conv_2d_cl<ap_fixed,ap_fixed<16,6,5,3,0>,config6>|  return value|
|ap_return_43  |  out|   16|  ap_ctrl_hs|  conv_2d_cl<ap_fixed,ap_fixed<16,6,5,3,0>,config6>|  return value|
|ap_return_44  |  out|   16|  ap_ctrl_hs|  conv_2d_cl<ap_fixed,ap_fixed<16,6,5,3,0>,config6>|  return value|
|ap_return_45  |  out|   16|  ap_ctrl_hs|  conv_2d_cl<ap_fixed,ap_fixed<16,6,5,3,0>,config6>|  return value|
|ap_return_46  |  out|   16|  ap_ctrl_hs|  conv_2d_cl<ap_fixed,ap_fixed<16,6,5,3,0>,config6>|  return value|
|ap_return_47  |  out|   16|  ap_ctrl_hs|  conv_2d_cl<ap_fixed,ap_fixed<16,6,5,3,0>,config6>|  return value|
|ap_return_48  |  out|   16|  ap_ctrl_hs|  conv_2d_cl<ap_fixed,ap_fixed<16,6,5,3,0>,config6>|  return value|
|ap_return_49  |  out|   16|  ap_ctrl_hs|  conv_2d_cl<ap_fixed,ap_fixed<16,6,5,3,0>,config6>|  return value|
|ap_return_50  |  out|   16|  ap_ctrl_hs|  conv_2d_cl<ap_fixed,ap_fixed<16,6,5,3,0>,config6>|  return value|
|ap_return_51  |  out|   16|  ap_ctrl_hs|  conv_2d_cl<ap_fixed,ap_fixed<16,6,5,3,0>,config6>|  return value|
|ap_return_52  |  out|   16|  ap_ctrl_hs|  conv_2d_cl<ap_fixed,ap_fixed<16,6,5,3,0>,config6>|  return value|
|ap_return_53  |  out|   16|  ap_ctrl_hs|  conv_2d_cl<ap_fixed,ap_fixed<16,6,5,3,0>,config6>|  return value|
|ap_return_54  |  out|   16|  ap_ctrl_hs|  conv_2d_cl<ap_fixed,ap_fixed<16,6,5,3,0>,config6>|  return value|
|ap_return_55  |  out|   16|  ap_ctrl_hs|  conv_2d_cl<ap_fixed,ap_fixed<16,6,5,3,0>,config6>|  return value|
|ap_return_56  |  out|   16|  ap_ctrl_hs|  conv_2d_cl<ap_fixed,ap_fixed<16,6,5,3,0>,config6>|  return value|
|ap_return_57  |  out|   16|  ap_ctrl_hs|  conv_2d_cl<ap_fixed,ap_fixed<16,6,5,3,0>,config6>|  return value|
|ap_return_58  |  out|   16|  ap_ctrl_hs|  conv_2d_cl<ap_fixed,ap_fixed<16,6,5,3,0>,config6>|  return value|
|ap_return_59  |  out|   16|  ap_ctrl_hs|  conv_2d_cl<ap_fixed,ap_fixed<16,6,5,3,0>,config6>|  return value|
|ap_return_60  |  out|   16|  ap_ctrl_hs|  conv_2d_cl<ap_fixed,ap_fixed<16,6,5,3,0>,config6>|  return value|
|ap_return_61  |  out|   16|  ap_ctrl_hs|  conv_2d_cl<ap_fixed,ap_fixed<16,6,5,3,0>,config6>|  return value|
|ap_return_62  |  out|   16|  ap_ctrl_hs|  conv_2d_cl<ap_fixed,ap_fixed<16,6,5,3,0>,config6>|  return value|
|ap_return_63  |  out|   16|  ap_ctrl_hs|  conv_2d_cl<ap_fixed,ap_fixed<16,6,5,3,0>,config6>|  return value|
|ap_return_64  |  out|   16|  ap_ctrl_hs|  conv_2d_cl<ap_fixed,ap_fixed<16,6,5,3,0>,config6>|  return value|
|ap_return_65  |  out|   16|  ap_ctrl_hs|  conv_2d_cl<ap_fixed,ap_fixed<16,6,5,3,0>,config6>|  return value|
|ap_return_66  |  out|   16|  ap_ctrl_hs|  conv_2d_cl<ap_fixed,ap_fixed<16,6,5,3,0>,config6>|  return value|
|ap_return_67  |  out|   16|  ap_ctrl_hs|  conv_2d_cl<ap_fixed,ap_fixed<16,6,5,3,0>,config6>|  return value|
|ap_return_68  |  out|   16|  ap_ctrl_hs|  conv_2d_cl<ap_fixed,ap_fixed<16,6,5,3,0>,config6>|  return value|
|ap_return_69  |  out|   16|  ap_ctrl_hs|  conv_2d_cl<ap_fixed,ap_fixed<16,6,5,3,0>,config6>|  return value|
|ap_return_70  |  out|   16|  ap_ctrl_hs|  conv_2d_cl<ap_fixed,ap_fixed<16,6,5,3,0>,config6>|  return value|
|ap_return_71  |  out|   16|  ap_ctrl_hs|  conv_2d_cl<ap_fixed,ap_fixed<16,6,5,3,0>,config6>|  return value|
|ap_return_72  |  out|   16|  ap_ctrl_hs|  conv_2d_cl<ap_fixed,ap_fixed<16,6,5,3,0>,config6>|  return value|
|ap_return_73  |  out|   16|  ap_ctrl_hs|  conv_2d_cl<ap_fixed,ap_fixed<16,6,5,3,0>,config6>|  return value|
|ap_return_74  |  out|   16|  ap_ctrl_hs|  conv_2d_cl<ap_fixed,ap_fixed<16,6,5,3,0>,config6>|  return value|
|ap_return_75  |  out|   16|  ap_ctrl_hs|  conv_2d_cl<ap_fixed,ap_fixed<16,6,5,3,0>,config6>|  return value|
|ap_ce         |   in|    1|  ap_ctrl_hs|  conv_2d_cl<ap_fixed,ap_fixed<16,6,5,3,0>,config6>|  return value|
|p_read        |   in|   16|     ap_none|                                             p_read|        scalar|
|p_read1       |   in|   16|     ap_none|                                            p_read1|        scalar|
|p_read2       |   in|   16|     ap_none|                                            p_read2|        scalar|
|p_read3       |   in|   16|     ap_none|                                            p_read3|        scalar|
|p_read4       |   in|   16|     ap_none|                                            p_read4|        scalar|
|p_read5       |   in|   16|     ap_none|                                            p_read5|        scalar|
|p_read6       |   in|   16|     ap_none|                                            p_read6|        scalar|
|p_read7       |   in|   16|     ap_none|                                            p_read7|        scalar|
|p_read8       |   in|   16|     ap_none|                                            p_read8|        scalar|
|p_read9       |   in|   16|     ap_none|                                            p_read9|        scalar|
|p_read10      |   in|   16|     ap_none|                                           p_read10|        scalar|
|p_read11      |   in|   16|     ap_none|                                           p_read11|        scalar|
|p_read12      |   in|   16|     ap_none|                                           p_read12|        scalar|
|p_read13      |   in|   16|     ap_none|                                           p_read13|        scalar|
|p_read14      |   in|   16|     ap_none|                                           p_read14|        scalar|
|p_read15      |   in|   16|     ap_none|                                           p_read15|        scalar|
|p_read16      |   in|   16|     ap_none|                                           p_read16|        scalar|
|p_read17      |   in|   16|     ap_none|                                           p_read17|        scalar|
|p_read18      |   in|   16|     ap_none|                                           p_read18|        scalar|
|p_read19      |   in|   16|     ap_none|                                           p_read19|        scalar|
|p_read20      |   in|   16|     ap_none|                                           p_read20|        scalar|
|p_read21      |   in|   16|     ap_none|                                           p_read21|        scalar|
|p_read22      |   in|   16|     ap_none|                                           p_read22|        scalar|
|p_read23      |   in|   16|     ap_none|                                           p_read23|        scalar|
|p_read24      |   in|   16|     ap_none|                                           p_read24|        scalar|
|p_read25      |   in|   16|     ap_none|                                           p_read25|        scalar|
|p_read26      |   in|   16|     ap_none|                                           p_read26|        scalar|
|p_read27      |   in|   16|     ap_none|                                           p_read27|        scalar|
|p_read28      |   in|   16|     ap_none|                                           p_read28|        scalar|
|p_read29      |   in|   16|     ap_none|                                           p_read29|        scalar|
|p_read30      |   in|   16|     ap_none|                                           p_read30|        scalar|
|p_read31      |   in|   16|     ap_none|                                           p_read31|        scalar|
|p_read32      |   in|   16|     ap_none|                                           p_read32|        scalar|
|p_read33      |   in|   16|     ap_none|                                           p_read33|        scalar|
|p_read34      |   in|   16|     ap_none|                                           p_read34|        scalar|
|p_read35      |   in|   16|     ap_none|                                           p_read35|        scalar|
|p_read36      |   in|   16|     ap_none|                                           p_read36|        scalar|
|p_read37      |   in|   16|     ap_none|                                           p_read37|        scalar|
|p_read42      |   in|   16|     ap_none|                                           p_read42|        scalar|
|p_read43      |   in|   16|     ap_none|                                           p_read43|        scalar|
|p_read44      |   in|   16|     ap_none|                                           p_read44|        scalar|
|p_read45      |   in|   16|     ap_none|                                           p_read45|        scalar|
|p_read46      |   in|   16|     ap_none|                                           p_read46|        scalar|
|p_read47      |   in|   16|     ap_none|                                           p_read47|        scalar|
|p_read48      |   in|   16|     ap_none|                                           p_read48|        scalar|
|p_read49      |   in|   16|     ap_none|                                           p_read49|        scalar|
|p_read50      |   in|   16|     ap_none|                                           p_read50|        scalar|
|p_read51      |   in|   16|     ap_none|                                           p_read51|        scalar|
|p_read56      |   in|   16|     ap_none|                                           p_read56|        scalar|
|p_read57      |   in|   16|     ap_none|                                           p_read57|        scalar|
|p_read58      |   in|   16|     ap_none|                                           p_read58|        scalar|
|p_read59      |   in|   16|     ap_none|                                           p_read59|        scalar|
|p_read60      |   in|   16|     ap_none|                                           p_read60|        scalar|
|p_read61      |   in|   16|     ap_none|                                           p_read61|        scalar|
|p_read62      |   in|   16|     ap_none|                                           p_read62|        scalar|
|p_read63      |   in|   16|     ap_none|                                           p_read63|        scalar|
|p_read64      |   in|   16|     ap_none|                                           p_read64|        scalar|
|p_read65      |   in|   16|     ap_none|                                           p_read65|        scalar|
|p_read66      |   in|   16|     ap_none|                                           p_read66|        scalar|
|p_read67      |   in|   16|     ap_none|                                           p_read67|        scalar|
|p_read68      |   in|   16|     ap_none|                                           p_read68|        scalar|
|p_read69      |   in|   16|     ap_none|                                           p_read69|        scalar|
|p_read70      |   in|   16|     ap_none|                                           p_read70|        scalar|
|p_read71      |   in|   16|     ap_none|                                           p_read71|        scalar|
|p_read72      |   in|   16|     ap_none|                                           p_read72|        scalar|
|p_read73      |   in|   16|     ap_none|                                           p_read73|        scalar|
|p_read74      |   in|   16|     ap_none|                                           p_read74|        scalar|
|p_read75      |   in|   16|     ap_none|                                           p_read75|        scalar|
|p_read76      |   in|   16|     ap_none|                                           p_read76|        scalar|
|p_read77      |   in|   16|     ap_none|                                           p_read77|        scalar|
|p_read78      |   in|   16|     ap_none|                                           p_read78|        scalar|
|p_read79      |   in|   16|     ap_none|                                           p_read79|        scalar|
|p_read80      |   in|   16|     ap_none|                                           p_read80|        scalar|
|p_read81      |   in|   16|     ap_none|                                           p_read81|        scalar|
|p_read82      |   in|   16|     ap_none|                                           p_read82|        scalar|
|p_read83      |   in|   16|     ap_none|                                           p_read83|        scalar|
+--------------+-----+-----+------------+---------------------------------------------------+--------------+

