

================================================================
== Synthesis Summary Report of 'algo_unpacked'
================================================================
+ General Information: 
    * Date:           Thu Apr 10 18:18:36 2025
    * Version:        2021.1 (Build 3247384 on Thu Jun 10 19:36:07 MDT 2021)
    * Project:        cicada_prj
    * Solution:       solution1 (Vivado IP Flow Target)
    * Product family: virtex7
    * Target device:  xc7vx690t-ffg1927-2
    

+ Performance & Resource Estimates: 
    
    PS: '+' for module; 'o' for loop; '*' for dataflow
    +----------------------------------------+------+------+---------+---------+----------+---------+------+----------+----------+---------+--------------+---------------+-----+
    |                 Modules                | Issue|      | Latency | Latency | Iteration|         | Trip |          |          |         |              |               |     |
    |                 & Loops                | Type | Slack| (cycles)|   (ns)  |  Latency | Interval| Count| Pipelined|   BRAM   |   DSP   |      FF      |      LUT      | URAM|
    +----------------------------------------+------+------+---------+---------+----------+---------+------+----------+----------+---------+--------------+---------------+-----+
    |+ algo_unpacked                         |     -|  0.00|       56|  350.000|         -|        4|     -|       yes|  18 (~0%)|  44 (1%)|  127333 (14%)|  525565 (121%)|    -|
    | + grp_popcount_fu_2186                 |     -|  0.34|        2|   12.500|         -|        3|     -|       yes|         -|        -|     115 (~0%)|     2572 (~0%)|    -|
    | + grp_pu_lut_cntr_fu_2191              |     -|  0.09|       19|  118.750|         -|        4|     -|       yes|  16 (~0%)|  44 (1%)|    29859 (3%)|     25530 (5%)|    -|
    |  + grp_generic_round_double_s_fu_1276  |     -|  1.50|        2|   12.500|         -|        1|     -|       yes|   4 (~0%)|        -|     368 (~0%)|      331 (~0%)|    -|
    |  + grp_generic_round_double_s_fu_1285  |     -|  1.50|        2|   12.500|         -|        1|     -|       yes|   4 (~0%)|        -|     368 (~0%)|      331 (~0%)|    -|
    |  + grp_generic_round_double_s_fu_1294  |     -|  1.50|        2|   12.500|         -|        1|     -|       yes|   4 (~0%)|        -|     368 (~0%)|      331 (~0%)|    -|
    |  + grp_generic_round_double_s_fu_1303  |     -|  1.50|        2|   12.500|         -|        1|     -|       yes|   4 (~0%)|        -|     368 (~0%)|      331 (~0%)|    -|
    | + grp_et_3by3_fu_2229                  |     -|  0.54|        1|    6.250|         -|        1|     -|       yes|         -|        -|    16371 (1%)|    66541 (15%)|    -|
    |  + grp_adder_3by3_fu_1036              |     -|  0.54|        1|    6.250|         -|        1|     -|       yes|         -|        -|      55 (~0%)|      264 (~0%)|    -|
    |  + grp_adder_3by3_fu_1041              |     -|  0.54|        1|    6.250|         -|        1|     -|       yes|         -|        -|      55 (~0%)|      264 (~0%)|    -|
    |  + grp_adder_3by3_fu_1046              |     -|  0.54|        1|    6.250|         -|        1|     -|       yes|         -|        -|      55 (~0%)|      264 (~0%)|    -|
    |  + grp_adder_3by3_fu_1051              |     -|  0.54|        1|    6.250|         -|        1|     -|       yes|         -|        -|      55 (~0%)|      264 (~0%)|    -|
    |  + grp_adder_3by3_fu_1056              |     -|  0.54|        1|    6.250|         -|        1|     -|       yes|         -|        -|      55 (~0%)|      264 (~0%)|    -|
    |  + grp_adder_3by3_fu_1061              |     -|  0.54|        1|    6.250|         -|        1|     -|       yes|         -|        -|      55 (~0%)|      264 (~0%)|    -|
    |  + grp_adder_3by3_fu_1066              |     -|  0.54|        1|    6.250|         -|        1|     -|       yes|         -|        -|      55 (~0%)|      264 (~0%)|    -|
    |  + grp_adder_3by3_fu_1071              |     -|  0.54|        1|    6.250|         -|        1|     -|       yes|         -|        -|      55 (~0%)|      264 (~0%)|    -|
    |  + grp_adder_3by3_fu_1076              |     -|  0.54|        1|    6.250|         -|        1|     -|       yes|         -|        -|      55 (~0%)|      264 (~0%)|    -|
    |  + grp_adder_3by3_fu_1081              |     -|  0.54|        1|    6.250|         -|        1|     -|       yes|         -|        -|      55 (~0%)|      264 (~0%)|    -|
    |  + grp_adder_3by3_fu_1086              |     -|  0.54|        1|    6.250|         -|        1|     -|       yes|         -|        -|      55 (~0%)|      264 (~0%)|    -|
    |  + grp_adder_3by3_fu_1091              |     -|  0.54|        1|    6.250|         -|        1|     -|       yes|         -|        -|      55 (~0%)|      264 (~0%)|    -|
    |  + grp_adder_3by3_fu_1096              |     -|  0.54|        1|    6.250|         -|        1|     -|       yes|         -|        -|      55 (~0%)|      264 (~0%)|    -|
    |  + grp_adder_3by3_fu_1101              |     -|  0.54|        1|    6.250|         -|        1|     -|       yes|         -|        -|      55 (~0%)|      264 (~0%)|    -|
    |  + grp_adder_3by3_fu_1106              |     -|  0.54|        1|    6.250|         -|        1|     -|       yes|         -|        -|      55 (~0%)|      264 (~0%)|    -|
    |  + grp_adder_3by3_fu_1111              |     -|  0.54|        1|    6.250|         -|        1|     -|       yes|         -|        -|      55 (~0%)|      264 (~0%)|    -|
    |  + grp_adder_3by3_fu_1116              |     -|  0.54|        1|    6.250|         -|        1|     -|       yes|         -|        -|      55 (~0%)|      264 (~0%)|    -|
    |  + grp_adder_3by3_fu_1121              |     -|  0.54|        1|    6.250|         -|        1|     -|       yes|         -|        -|      55 (~0%)|      264 (~0%)|    -|
    |  + grp_adder_3by3_fu_1126              |     -|  0.54|        1|    6.250|         -|        1|     -|       yes|         -|        -|      55 (~0%)|      264 (~0%)|    -|
    |  + grp_adder_3by3_fu_1131              |     -|  0.54|        1|    6.250|         -|        1|     -|       yes|         -|        -|      55 (~0%)|      264 (~0%)|    -|
    |  + grp_adder_3by3_fu_1136              |     -|  0.54|        1|    6.250|         -|        1|     -|       yes|         -|        -|      55 (~0%)|      264 (~0%)|    -|
    |  + grp_adder_3by3_fu_1141              |     -|  0.54|        1|    6.250|         -|        1|     -|       yes|         -|        -|      55 (~0%)|      264 (~0%)|    -|
    |  + grp_adder_3by3_fu_1146              |     -|  0.54|        1|    6.250|         -|        1|     -|       yes|         -|        -|      55 (~0%)|      264 (~0%)|    -|
    |  + grp_adder_3by3_fu_1151              |     -|  0.54|        1|    6.250|         -|        1|     -|       yes|         -|        -|      55 (~0%)|      264 (~0%)|    -|
    |  + grp_adder_3by3_fu_1156              |     -|  0.54|        1|    6.250|         -|        1|     -|       yes|         -|        -|      55 (~0%)|      264 (~0%)|    -|
    |  + grp_adder_3by3_fu_1161              |     -|  0.54|        1|    6.250|         -|        1|     -|       yes|         -|        -|      55 (~0%)|      264 (~0%)|    -|
    |  + grp_adder_3by3_fu_1166              |     -|  0.54|        1|    6.250|         -|        1|     -|       yes|         -|        -|      55 (~0%)|      264 (~0%)|    -|
    |  + grp_adder_3by3_fu_1171              |     -|  0.54|        1|    6.250|         -|        1|     -|       yes|         -|        -|      55 (~0%)|      264 (~0%)|    -|
    |  + grp_adder_3by3_fu_1176              |     -|  0.54|        1|    6.250|         -|        1|     -|       yes|         -|        -|      55 (~0%)|      264 (~0%)|    -|
    |  + grp_adder_3by3_fu_1181              |     -|  0.54|        1|    6.250|         -|        1|     -|       yes|         -|        -|      55 (~0%)|      264 (~0%)|    -|
    |  + grp_adder_3by3_fu_1186              |     -|  0.54|        1|    6.250|         -|        1|     -|       yes|         -|        -|      55 (~0%)|      264 (~0%)|    -|
    |  + grp_adder_3by3_fu_1191              |     -|  0.54|        1|    6.250|         -|        1|     -|       yes|         -|        -|      55 (~0%)|      264 (~0%)|    -|
    |  + grp_adder_3by3_fu_1196              |     -|  0.54|        1|    6.250|         -|        1|     -|       yes|         -|        -|      55 (~0%)|      264 (~0%)|    -|
    |  + grp_adder_3by3_fu_1201              |     -|  0.54|        1|    6.250|         -|        1|     -|       yes|         -|        -|      55 (~0%)|      264 (~0%)|    -|
    |  + grp_adder_3by3_fu_1206              |     -|  0.54|        1|    6.250|         -|        1|     -|       yes|         -|        -|      55 (~0%)|      264 (~0%)|    -|
    |  + grp_adder_3by3_fu_1211              |     -|  0.54|        1|    6.250|         -|        1|     -|       yes|         -|        -|      55 (~0%)|      264 (~0%)|    -|
    |  + grp_adder_3by3_fu_1216              |     -|  0.54|        1|    6.250|         -|        1|     -|       yes|         -|        -|      55 (~0%)|      264 (~0%)|    -|
    |  + grp_adder_3by3_fu_1221              |     -|  0.54|        1|    6.250|         -|        1|     -|       yes|         -|        -|      55 (~0%)|      264 (~0%)|    -|
    |  + grp_adder_3by3_fu_1226              |     -|  0.54|        1|    6.250|         -|        1|     -|       yes|         -|        -|      55 (~0%)|      264 (~0%)|    -|
    |  + grp_adder_3by3_fu_1231              |     -|  0.54|        1|    6.250|         -|        1|     -|       yes|         -|        -|      55 (~0%)|      264 (~0%)|    -|
    |  + grp_adder_3by3_fu_1236              |     -|  0.54|        1|    6.250|         -|        1|     -|       yes|         -|        -|      55 (~0%)|      264 (~0%)|    -|
    |  + grp_adder_3by3_fu_1241              |     -|  0.54|        1|    6.250|         -|        1|     -|       yes|         -|        -|      55 (~0%)|      264 (~0%)|    -|
    |  + grp_adder_3by3_fu_1246              |     -|  0.54|        1|    6.250|         -|        1|     -|       yes|         -|        -|      55 (~0%)|      264 (~0%)|    -|
    |  + grp_adder_3by3_fu_1251              |     -|  0.54|        1|    6.250|         -|        1|     -|       yes|         -|        -|      55 (~0%)|      264 (~0%)|    -|
    |  + grp_adder_3by3_fu_1256              |     -|  0.54|        1|    6.250|         -|        1|     -|       yes|         -|        -|      55 (~0%)|      264 (~0%)|    -|
    |  + grp_adder_3by3_fu_1261              |     -|  0.54|        1|    6.250|         -|        1|     -|       yes|         -|        -|      55 (~0%)|      264 (~0%)|    -|
    |  + grp_adder_3by3_fu_1266              |     -|  0.54|        1|    6.250|         -|        1|     -|       yes|         -|        -|      55 (~0%)|      264 (~0%)|    -|
    |  + grp_adder_3by3_fu_1271              |     -|  0.54|        1|    6.250|         -|        1|     -|       yes|         -|        -|      55 (~0%)|      264 (~0%)|    -|
    |  + grp_adder_3by3_fu_1276              |     -|  0.54|        1|    6.250|         -|        1|     -|       yes|         -|        -|      55 (~0%)|      264 (~0%)|    -|
    |  + grp_adder_3by3_fu_1281              |     -|  0.54|        1|    6.250|         -|        1|     -|       yes|         -|        -|      55 (~0%)|      264 (~0%)|    -|
    |  + grp_adder_3by3_fu_1286              |     -|  0.54|        1|    6.250|         -|        1|     -|       yes|         -|        -|      55 (~0%)|      264 (~0%)|    -|
    |  + grp_adder_3by3_fu_1291              |     -|  0.54|        1|    6.250|         -|        1|     -|       yes|         -|        -|      55 (~0%)|      264 (~0%)|    -|
    |  + grp_adder_3by3_fu_1296              |     -|  0.54|        1|    6.250|         -|        1|     -|       yes|         -|        -|      55 (~0%)|      264 (~0%)|    -|
    |  + grp_adder_3by3_fu_1301              |     -|  0.54|        1|    6.250|         -|        1|     -|       yes|         -|        -|      55 (~0%)|      264 (~0%)|    -|
    |  + grp_adder_3by3_fu_1306              |     -|  0.54|        1|    6.250|         -|        1|     -|       yes|         -|        -|      55 (~0%)|      264 (~0%)|    -|
    |  + grp_adder_3by3_fu_1311              |     -|  0.54|        1|    6.250|         -|        1|     -|       yes|         -|        -|      55 (~0%)|      264 (~0%)|    -|
    |  + grp_adder_3by3_fu_1316              |     -|  0.54|        1|    6.250|         -|        1|     -|       yes|         -|        -|      55 (~0%)|      264 (~0%)|    -|
    |  + grp_adder_3by3_fu_1321              |     -|  0.54|        1|    6.250|         -|        1|     -|       yes|         -|        -|      55 (~0%)|      264 (~0%)|    -|
    |  + grp_adder_3by3_fu_1326              |     -|  0.54|        1|    6.250|         -|        1|     -|       yes|         -|        -|      55 (~0%)|      264 (~0%)|    -|
    |  + grp_adder_3by3_fu_1331              |     -|  0.54|        1|    6.250|         -|        1|     -|       yes|         -|        -|      55 (~0%)|      264 (~0%)|    -|
    |  + grp_adder_3by3_fu_1336              |     -|  0.54|        1|    6.250|         -|        1|     -|       yes|         -|        -|      55 (~0%)|      264 (~0%)|    -|
    |  + grp_adder_3by3_fu_1341              |     -|  0.54|        1|    6.250|         -|        1|     -|       yes|         -|        -|      55 (~0%)|      264 (~0%)|    -|
    |  + grp_adder_3by3_fu_1346              |     -|  0.54|        1|    6.250|         -|        1|     -|       yes|         -|        -|      55 (~0%)|      264 (~0%)|    -|
    |  + grp_adder_3by3_fu_1351              |     -|  0.54|        1|    6.250|         -|        1|     -|       yes|         -|        -|      55 (~0%)|      264 (~0%)|    -|
    |  + grp_adder_3by3_fu_1356              |     -|  0.54|        1|    6.250|         -|        1|     -|       yes|         -|        -|      55 (~0%)|      264 (~0%)|    -|
    |  + grp_adder_3by3_fu_1361              |     -|  0.54|        1|    6.250|         -|        1|     -|       yes|         -|        -|      55 (~0%)|      264 (~0%)|    -|
    |  + grp_adder_3by3_fu_1366              |     -|  0.54|        1|    6.250|         -|        1|     -|       yes|         -|        -|      55 (~0%)|      264 (~0%)|    -|
    |  + grp_adder_3by3_fu_1371              |     -|  0.54|        1|    6.250|         -|        1|     -|       yes|         -|        -|      55 (~0%)|      264 (~0%)|    -|
    |  + grp_adder_3by3_fu_1376              |     -|  0.54|        1|    6.250|         -|        1|     -|       yes|         -|        -|      55 (~0%)|      264 (~0%)|    -|
    |  + grp_adder_3by3_fu_1381              |     -|  0.54|        1|    6.250|         -|        1|     -|       yes|         -|        -|      55 (~0%)|      264 (~0%)|    -|
    |  + grp_adder_3by3_fu_1386              |     -|  0.54|        1|    6.250|         -|        1|     -|       yes|         -|        -|      55 (~0%)|      264 (~0%)|    -|
    |  + grp_adder_3by3_fu_1391              |     -|  0.54|        1|    6.250|         -|        1|     -|       yes|         -|        -|      55 (~0%)|      264 (~0%)|    -|
    |  + grp_adder_3by3_fu_1396              |     -|  0.54|        1|    6.250|         -|        1|     -|       yes|         -|        -|      55 (~0%)|      264 (~0%)|    -|
    |  + grp_adder_3by3_fu_1401              |     -|  0.54|        1|    6.250|         -|        1|     -|       yes|         -|        -|      55 (~0%)|      264 (~0%)|    -|
    |  + grp_adder_3by3_fu_1406              |     -|  0.54|        1|    6.250|         -|        1|     -|       yes|         -|        -|      55 (~0%)|      264 (~0%)|    -|
    |  + grp_adder_3by3_fu_1411              |     -|  0.54|        1|    6.250|         -|        1|     -|       yes|         -|        -|      55 (~0%)|      264 (~0%)|    -|
    |  + grp_adder_3by3_fu_1416              |     -|  0.54|        1|    6.250|         -|        1|     -|       yes|         -|        -|      55 (~0%)|      264 (~0%)|    -|
    |  + grp_adder_3by3_fu_1421              |     -|  0.54|        1|    6.250|         -|        1|     -|       yes|         -|        -|      55 (~0%)|      264 (~0%)|    -|
    |  + grp_adder_3by3_fu_1426              |     -|  0.54|        1|    6.250|         -|        1|     -|       yes|         -|        -|      55 (~0%)|      264 (~0%)|    -|
    |  + grp_adder_3by3_fu_1431              |     -|  0.54|        1|    6.250|         -|        1|     -|       yes|         -|        -|      55 (~0%)|      264 (~0%)|    -|
    |  + grp_adder_3by3_fu_1436              |     -|  0.54|        1|    6.250|         -|        1|     -|       yes|         -|        -|      55 (~0%)|      264 (~0%)|    -|
    |  + grp_adder_3by3_fu_1441              |     -|  0.54|        1|    6.250|         -|        1|     -|       yes|         -|        -|      55 (~0%)|      264 (~0%)|    -|
    |  + grp_adder_3by3_fu_1446              |     -|  0.54|        1|    6.250|         -|        1|     -|       yes|         -|        -|      55 (~0%)|      264 (~0%)|    -|
    |  + grp_adder_3by3_fu_1451              |     -|  0.54|        1|    6.250|         -|        1|     -|       yes|         -|        -|      55 (~0%)|      264 (~0%)|    -|
    |  + grp_adder_3by3_fu_1456              |     -|  0.54|        1|    6.250|         -|        1|     -|       yes|         -|        -|      55 (~0%)|      264 (~0%)|    -|
    |  + grp_adder_3by3_fu_1461              |     -|  0.54|        1|    6.250|         -|        1|     -|       yes|         -|        -|      55 (~0%)|      264 (~0%)|    -|
    |  + grp_adder_3by3_fu_1466              |     -|  0.54|        1|    6.250|         -|        1|     -|       yes|         -|        -|      55 (~0%)|      264 (~0%)|    -|
    |  + grp_adder_3by3_fu_1471              |     -|  0.54|        1|    6.250|         -|        1|     -|       yes|         -|        -|      55 (~0%)|      264 (~0%)|    -|
    |  + grp_adder_3by3_fu_1476              |     -|  0.54|        1|    6.250|         -|        1|     -|       yes|         -|        -|      55 (~0%)|      264 (~0%)|    -|
    |  + grp_adder_3by3_fu_1481              |     -|  0.54|        1|    6.250|         -|        1|     -|       yes|         -|        -|      55 (~0%)|      264 (~0%)|    -|
    |  + grp_adder_3by3_fu_1486              |     -|  0.54|        1|    6.250|         -|        1|     -|       yes|         -|        -|      55 (~0%)|      264 (~0%)|    -|
    |  + grp_adder_3by3_fu_1491              |     -|  0.54|        1|    6.250|         -|        1|     -|       yes|         -|        -|      55 (~0%)|      264 (~0%)|    -|
    |  + grp_adder_3by3_fu_1496              |     -|  0.54|        1|    6.250|         -|        1|     -|       yes|         -|        -|      55 (~0%)|      264 (~0%)|    -|
    |  + grp_adder_3by3_fu_1501              |     -|  0.54|        1|    6.250|         -|        1|     -|       yes|         -|        -|      55 (~0%)|      264 (~0%)|    -|
    |  + grp_adder_3by3_fu_1506              |     -|  0.54|        1|    6.250|         -|        1|     -|       yes|         -|        -|      55 (~0%)|      264 (~0%)|    -|
    |  + grp_adder_3by3_fu_1511              |     -|  0.54|        1|    6.250|         -|        1|     -|       yes|         -|        -|      55 (~0%)|      264 (~0%)|    -|
    |  + grp_adder_3by3_fu_1516              |     -|  0.54|        1|    6.250|         -|        1|     -|       yes|         -|        -|      55 (~0%)|      264 (~0%)|    -|
    |  + grp_adder_3by3_fu_1521              |     -|  0.54|        1|    6.250|         -|        1|     -|       yes|         -|        -|      55 (~0%)|      264 (~0%)|    -|
    |  + grp_adder_3by3_fu_1526              |     -|  0.54|        1|    6.250|         -|        1|     -|       yes|         -|        -|      55 (~0%)|      264 (~0%)|    -|
    |  + grp_adder_3by3_fu_1531              |     -|  0.54|        1|    6.250|         -|        1|     -|       yes|         -|        -|      55 (~0%)|      264 (~0%)|    -|
    |  + grp_adder_3by3_fu_1536              |     -|  0.54|        1|    6.250|         -|        1|     -|       yes|         -|        -|      55 (~0%)|      264 (~0%)|    -|
    |  + grp_adder_3by3_fu_1541              |     -|  0.54|        1|    6.250|         -|        1|     -|       yes|         -|        -|      55 (~0%)|      264 (~0%)|    -|
    |  + grp_adder_3by3_fu_1546              |     -|  0.54|        1|    6.250|         -|        1|     -|       yes|         -|        -|      55 (~0%)|      264 (~0%)|    -|
    |  + grp_adder_3by3_fu_1551              |     -|  0.54|        1|    6.250|         -|        1|     -|       yes|         -|        -|      55 (~0%)|      264 (~0%)|    -|
    |  + grp_adder_3by3_fu_1556              |     -|  0.54|        1|    6.250|         -|        1|     -|       yes|         -|        -|      55 (~0%)|      264 (~0%)|    -|
    |  + grp_adder_3by3_fu_1561              |     -|  0.54|        1|    6.250|         -|        1|     -|       yes|         -|        -|      55 (~0%)|      264 (~0%)|    -|
    |  + grp_adder_3by3_fu_1566              |     -|  0.54|        1|    6.250|         -|        1|     -|       yes|         -|        -|      55 (~0%)|      264 (~0%)|    -|
    |  + grp_adder_3by3_fu_1571              |     -|  0.54|        1|    6.250|         -|        1|     -|       yes|         -|        -|      55 (~0%)|      264 (~0%)|    -|
    |  + grp_adder_3by3_fu_1576              |     -|  0.54|        1|    6.250|         -|        1|     -|       yes|         -|        -|      55 (~0%)|      264 (~0%)|    -|
    |  + grp_adder_3by3_fu_1581              |     -|  0.54|        1|    6.250|         -|        1|     -|       yes|         -|        -|      55 (~0%)|      264 (~0%)|    -|
    |  + grp_adder_3by3_fu_1586              |     -|  0.54|        1|    6.250|         -|        1|     -|       yes|         -|        -|      55 (~0%)|      264 (~0%)|    -|
    |  + grp_adder_3by3_fu_1591              |     -|  0.54|        1|    6.250|         -|        1|     -|       yes|         -|        -|      55 (~0%)|      264 (~0%)|    -|
    |  + grp_adder_3by3_fu_1596              |     -|  0.54|        1|    6.250|         -|        1|     -|       yes|         -|        -|      55 (~0%)|      264 (~0%)|    -|
    |  + grp_adder_3by3_fu_1601              |     -|  0.54|        1|    6.250|         -|        1|     -|       yes|         -|        -|      55 (~0%)|      264 (~0%)|    -|
    |  + grp_adder_3by3_fu_1606              |     -|  0.54|        1|    6.250|         -|        1|     -|       yes|         -|        -|      55 (~0%)|      264 (~0%)|    -|
    |  + grp_adder_3by3_fu_1611              |     -|  0.54|        1|    6.250|         -|        1|     -|       yes|         -|        -|      55 (~0%)|      264 (~0%)|    -|
    |  + grp_adder_3by3_fu_1616              |     -|  0.54|        1|    6.250|         -|        1|     -|       yes|         -|        -|      55 (~0%)|      264 (~0%)|    -|
    |  + grp_adder_3by3_fu_1621              |     -|  0.54|        1|    6.250|         -|        1|     -|       yes|         -|        -|      55 (~0%)|      264 (~0%)|    -|
    |  + grp_adder_3by3_fu_1626              |     -|  0.54|        1|    6.250|         -|        1|     -|       yes|         -|        -|      55 (~0%)|      264 (~0%)|    -|
    |  + grp_adder_3by3_fu_1631              |     -|  0.54|        1|    6.250|         -|        1|     -|       yes|         -|        -|      55 (~0%)|      264 (~0%)|    -|
    |  + grp_adder_3by3_fu_1636              |     -|  0.54|        1|    6.250|         -|        1|     -|       yes|         -|        -|      55 (~0%)|      264 (~0%)|    -|
    |  + grp_adder_3by3_fu_1641              |     -|  0.54|        1|    6.250|         -|        1|     -|       yes|         -|        -|      55 (~0%)|      264 (~0%)|    -|
    |  + grp_adder_3by3_fu_1646              |     -|  0.54|        1|    6.250|         -|        1|     -|       yes|         -|        -|      55 (~0%)|      264 (~0%)|    -|
    |  + grp_adder_3by3_fu_1651              |     -|  0.54|        1|    6.250|         -|        1|     -|       yes|         -|        -|      55 (~0%)|      264 (~0%)|    -|
    |  + grp_adder_3by3_fu_1656              |     -|  0.54|        1|    6.250|         -|        1|     -|       yes|         -|        -|      55 (~0%)|      264 (~0%)|    -|
    |  + grp_adder_3by3_fu_1661              |     -|  0.54|        1|    6.250|         -|        1|     -|       yes|         -|        -|      55 (~0%)|      264 (~0%)|    -|
    |  + grp_adder_3by3_fu_1666              |     -|  0.54|        1|    6.250|         -|        1|     -|       yes|         -|        -|      55 (~0%)|      264 (~0%)|    -|
    |  + grp_adder_3by3_fu_1671              |     -|  0.54|        1|    6.250|         -|        1|     -|       yes|         -|        -|      55 (~0%)|      264 (~0%)|    -|
    |  + grp_adder_3by3_fu_1676              |     -|  0.54|        1|    6.250|         -|        1|     -|       yes|         -|        -|      55 (~0%)|      264 (~0%)|    -|
    |  + grp_adder_3by3_fu_1681              |     -|  0.54|        1|    6.250|         -|        1|     -|       yes|         -|        -|      55 (~0%)|      264 (~0%)|    -|
    |  + grp_adder_3by3_fu_1686              |     -|  0.54|        1|    6.250|         -|        1|     -|       yes|         -|        -|      55 (~0%)|      264 (~0%)|    -|
    |  + grp_adder_3by3_fu_1691              |     -|  0.54|        1|    6.250|         -|        1|     -|       yes|         -|        -|      55 (~0%)|      264 (~0%)|    -|
    |  + grp_adder_3by3_fu_1696              |     -|  0.54|        1|    6.250|         -|        1|     -|       yes|         -|        -|      55 (~0%)|      264 (~0%)|    -|
    |  + grp_adder_3by3_fu_1701              |     -|  0.54|        1|    6.250|         -|        1|     -|       yes|         -|        -|      55 (~0%)|      264 (~0%)|    -|
    |  + grp_adder_3by3_fu_1706              |     -|  0.54|        1|    6.250|         -|        1|     -|       yes|         -|        -|      55 (~0%)|      264 (~0%)|    -|
    |  + grp_adder_3by3_fu_1711              |     -|  0.54|        1|    6.250|         -|        1|     -|       yes|         -|        -|      55 (~0%)|      264 (~0%)|    -|
    |  + grp_adder_3by3_fu_1716              |     -|  0.54|        1|    6.250|         -|        1|     -|       yes|         -|        -|      55 (~0%)|      264 (~0%)|    -|
    |  + grp_adder_3by3_fu_1721              |     -|  0.54|        1|    6.250|         -|        1|     -|       yes|         -|        -|      55 (~0%)|      264 (~0%)|    -|
    |  + grp_adder_3by3_fu_1726              |     -|  0.54|        1|    6.250|         -|        1|     -|       yes|         -|        -|      55 (~0%)|      264 (~0%)|    -|
    |  + grp_adder_3by3_fu_1731              |     -|  0.54|        1|    6.250|         -|        1|     -|       yes|         -|        -|      55 (~0%)|      264 (~0%)|    -|
    |  + grp_adder_3by3_fu_1736              |     -|  0.54|        1|    6.250|         -|        1|     -|       yes|         -|        -|      55 (~0%)|      264 (~0%)|    -|
    |  + grp_adder_3by3_fu_1741              |     -|  0.54|        1|    6.250|         -|        1|     -|       yes|         -|        -|      55 (~0%)|      264 (~0%)|    -|
    |  + grp_adder_3by3_fu_1746              |     -|  0.54|        1|    6.250|         -|        1|     -|       yes|         -|        -|      55 (~0%)|      264 (~0%)|    -|
    |  + grp_adder_3by3_fu_1751              |     -|  0.54|        1|    6.250|         -|        1|     -|       yes|         -|        -|      55 (~0%)|      264 (~0%)|    -|
    |  + grp_adder_3by3_fu_1756              |     -|  0.54|        1|    6.250|         -|        1|     -|       yes|         -|        -|      55 (~0%)|      264 (~0%)|    -|
    |  + grp_adder_3by3_fu_1761              |     -|  0.54|        1|    6.250|         -|        1|     -|       yes|         -|        -|      55 (~0%)|      264 (~0%)|    -|
    |  + grp_adder_3by3_fu_1766              |     -|  0.54|        1|    6.250|         -|        1|     -|       yes|         -|        -|      55 (~0%)|      264 (~0%)|    -|
    |  + grp_adder_3by3_fu_1771              |     -|  0.54|        1|    6.250|         -|        1|     -|       yes|         -|        -|      55 (~0%)|      264 (~0%)|    -|
    |  + grp_adder_3by3_fu_1776              |     -|  0.54|        1|    6.250|         -|        1|     -|       yes|         -|        -|      55 (~0%)|      264 (~0%)|    -|
    |  + grp_adder_3by3_fu_1781              |     -|  0.54|        1|    6.250|         -|        1|     -|       yes|         -|        -|      55 (~0%)|      264 (~0%)|    -|
    |  + grp_adder_3by3_fu_1786              |     -|  0.54|        1|    6.250|         -|        1|     -|       yes|         -|        -|      55 (~0%)|      264 (~0%)|    -|
    |  + grp_adder_3by3_fu_1791              |     -|  0.54|        1|    6.250|         -|        1|     -|       yes|         -|        -|      55 (~0%)|      264 (~0%)|    -|
    |  + grp_adder_3by3_fu_1796              |     -|  0.54|        1|    6.250|         -|        1|     -|       yes|         -|        -|      55 (~0%)|      264 (~0%)|    -|
    |  + grp_adder_3by3_fu_1801              |     -|  0.54|        1|    6.250|         -|        1|     -|       yes|         -|        -|      55 (~0%)|      264 (~0%)|    -|
    |  + grp_adder_3by3_fu_1806              |     -|  0.54|        1|    6.250|         -|        1|     -|       yes|         -|        -|      55 (~0%)|      264 (~0%)|    -|
    |  + grp_adder_3by3_fu_1811              |     -|  0.54|        1|    6.250|         -|        1|     -|       yes|         -|        -|      55 (~0%)|      264 (~0%)|    -|
    |  + grp_adder_3by3_fu_1816              |     -|  0.54|        1|    6.250|         -|        1|     -|       yes|         -|        -|      55 (~0%)|      264 (~0%)|    -|
    |  + grp_adder_3by3_fu_1821              |     -|  0.54|        1|    6.250|         -|        1|     -|       yes|         -|        -|      55 (~0%)|      264 (~0%)|    -|
    |  + grp_adder_3by3_fu_1826              |     -|  0.54|        1|    6.250|         -|        1|     -|       yes|         -|        -|      55 (~0%)|      264 (~0%)|    -|
    |  + grp_adder_3by3_fu_1831              |     -|  0.54|        1|    6.250|         -|        1|     -|       yes|         -|        -|      55 (~0%)|      264 (~0%)|    -|
    |  + grp_adder_3by3_fu_1836              |     -|  0.54|        1|    6.250|         -|        1|     -|       yes|         -|        -|      55 (~0%)|      264 (~0%)|    -|
    |  + grp_adder_3by3_fu_1841              |     -|  0.54|        1|    6.250|         -|        1|     -|       yes|         -|        -|      55 (~0%)|      264 (~0%)|    -|
    |  + grp_adder_3by3_fu_1846              |     -|  0.54|        1|    6.250|         -|        1|     -|       yes|         -|        -|      55 (~0%)|      264 (~0%)|    -|
    |  + grp_adder_3by3_fu_1851              |     -|  0.54|        1|    6.250|         -|        1|     -|       yes|         -|        -|      55 (~0%)|      264 (~0%)|    -|
    |  + grp_adder_3by3_fu_1856              |     -|  0.54|        1|    6.250|         -|        1|     -|       yes|         -|        -|      55 (~0%)|      264 (~0%)|    -|
    |  + grp_adder_3by3_fu_1861              |     -|  0.54|        1|    6.250|         -|        1|     -|       yes|         -|        -|      55 (~0%)|      264 (~0%)|    -|
    |  + grp_adder_3by3_fu_1866              |     -|  0.54|        1|    6.250|         -|        1|     -|       yes|         -|        -|      55 (~0%)|      264 (~0%)|    -|
    |  + grp_adder_3by3_fu_1871              |     -|  0.54|        1|    6.250|         -|        1|     -|       yes|         -|        -|      55 (~0%)|      264 (~0%)|    -|
    |  + grp_adder_3by3_fu_1876              |     -|  0.54|        1|    6.250|         -|        1|     -|       yes|         -|        -|      55 (~0%)|      264 (~0%)|    -|
    |  + grp_adder_3by3_fu_1881              |     -|  0.54|        1|    6.250|         -|        1|     -|       yes|         -|        -|      55 (~0%)|      264 (~0%)|    -|
    |  + grp_adder_3by3_fu_1886              |     -|  0.54|        1|    6.250|         -|        1|     -|       yes|         -|        -|      55 (~0%)|      264 (~0%)|    -|
    |  + grp_adder_3by3_fu_1891              |     -|  0.54|        1|    6.250|         -|        1|     -|       yes|         -|        -|      55 (~0%)|      264 (~0%)|    -|
    |  + grp_adder_3by3_fu_1896              |     -|  0.54|        1|    6.250|         -|        1|     -|       yes|         -|        -|      55 (~0%)|      264 (~0%)|    -|
    |  + grp_adder_3by3_fu_1901              |     -|  0.54|        1|    6.250|         -|        1|     -|       yes|         -|        -|      55 (~0%)|      264 (~0%)|    -|
    |  + grp_adder_3by3_fu_1906              |     -|  0.54|        1|    6.250|         -|        1|     -|       yes|         -|        -|      55 (~0%)|      264 (~0%)|    -|
    |  + grp_adder_3by3_fu_1911              |     -|  0.54|        1|    6.250|         -|        1|     -|       yes|         -|        -|      55 (~0%)|      264 (~0%)|    -|
    |  + grp_adder_3by3_fu_1916              |     -|  0.54|        1|    6.250|         -|        1|     -|       yes|         -|        -|      55 (~0%)|      264 (~0%)|    -|
    |  + grp_adder_3by3_fu_1921              |     -|  0.54|        1|    6.250|         -|        1|     -|       yes|         -|        -|      55 (~0%)|      264 (~0%)|    -|
    |  + grp_adder_3by3_fu_1926              |     -|  0.54|        1|    6.250|         -|        1|     -|       yes|         -|        -|      55 (~0%)|      264 (~0%)|    -|
    |  + grp_adder_3by3_fu_1931              |     -|  0.54|        1|    6.250|         -|        1|     -|       yes|         -|        -|      55 (~0%)|      264 (~0%)|    -|
    |  + grp_adder_3by3_fu_1936              |     -|  0.54|        1|    6.250|         -|        1|     -|       yes|         -|        -|      55 (~0%)|      264 (~0%)|    -|
    |  + grp_adder_3by3_fu_1941              |     -|  0.54|        1|    6.250|         -|        1|     -|       yes|         -|        -|      55 (~0%)|      264 (~0%)|    -|
    |  + grp_adder_3by3_fu_1946              |     -|  0.54|        1|    6.250|         -|        1|     -|       yes|         -|        -|      55 (~0%)|      264 (~0%)|    -|
    |  + grp_adder_3by3_fu_1951              |     -|  0.54|        1|    6.250|         -|        1|     -|       yes|         -|        -|      55 (~0%)|      264 (~0%)|    -|
    |  + grp_adder_3by3_fu_1956              |     -|  0.54|        1|    6.250|         -|        1|     -|       yes|         -|        -|      55 (~0%)|      264 (~0%)|    -|
    |  + grp_adder_3by3_fu_1961              |     -|  0.54|        1|    6.250|         -|        1|     -|       yes|         -|        -|      55 (~0%)|      264 (~0%)|    -|
    |  + grp_adder_3by3_fu_1966              |     -|  0.54|        1|    6.250|         -|        1|     -|       yes|         -|        -|      55 (~0%)|      264 (~0%)|    -|
    |  + grp_adder_3by3_fu_1971              |     -|  0.54|        1|    6.250|         -|        1|     -|       yes|         -|        -|      55 (~0%)|      264 (~0%)|    -|
    |  + grp_adder_3by3_fu_1976              |     -|  0.54|        1|    6.250|         -|        1|     -|       yes|         -|        -|      55 (~0%)|      264 (~0%)|    -|
    |  + grp_adder_3by3_fu_1981              |     -|  0.54|        1|    6.250|         -|        1|     -|       yes|         -|        -|      55 (~0%)|      264 (~0%)|    -|
    |  + grp_adder_3by3_fu_1986              |     -|  0.54|        1|    6.250|         -|        1|     -|       yes|         -|        -|      55 (~0%)|      264 (~0%)|    -|
    |  + grp_adder_3by3_fu_1991              |     -|  0.54|        1|    6.250|         -|        1|     -|       yes|         -|        -|      55 (~0%)|      264 (~0%)|    -|
    |  + grp_adder_3by3_fu_1996              |     -|  0.54|        1|    6.250|         -|        1|     -|       yes|         -|        -|      55 (~0%)|      264 (~0%)|    -|
    |  + grp_adder_3by3_fu_2001              |     -|  0.54|        1|    6.250|         -|        1|     -|       yes|         -|        -|      55 (~0%)|      264 (~0%)|    -|
    |  + grp_adder_3by3_fu_2006              |     -|  0.54|        1|    6.250|         -|        1|     -|       yes|         -|        -|      55 (~0%)|      264 (~0%)|    -|
    |  + grp_adder_3by3_fu_2011              |     -|  0.54|        1|    6.250|         -|        1|     -|       yes|         -|        -|      55 (~0%)|      264 (~0%)|    -|
    |  + grp_adder_3by3_fu_2016              |     -|  0.54|        1|    6.250|         -|        1|     -|       yes|         -|        -|      55 (~0%)|      264 (~0%)|    -|
    |  + grp_adder_3by3_fu_2021              |     -|  0.54|        1|    6.250|         -|        1|     -|       yes|         -|        -|      55 (~0%)|      264 (~0%)|    -|
    |  + grp_adder_3by3_fu_2026              |     -|  0.54|        1|    6.250|         -|        1|     -|       yes|         -|        -|      55 (~0%)|      264 (~0%)|    -|
    |  + grp_adder_3by3_fu_2031              |     -|  0.54|        1|    6.250|         -|        1|     -|       yes|         -|        -|      55 (~0%)|      264 (~0%)|    -|
    |  + grp_adder_3by3_fu_2036              |     -|  0.54|        1|    6.250|         -|        1|     -|       yes|         -|        -|      55 (~0%)|      264 (~0%)|    -|
    |  + grp_adder_3by3_fu_2041              |     -|  0.54|        1|    6.250|         -|        1|     -|       yes|         -|        -|      55 (~0%)|      264 (~0%)|    -|
    |  + grp_adder_3by3_fu_2046              |     -|  0.54|        1|    6.250|         -|        1|     -|       yes|         -|        -|      55 (~0%)|      264 (~0%)|    -|
    |  + grp_adder_3by3_fu_2051              |     -|  0.54|        1|    6.250|         -|        1|     -|       yes|         -|        -|      55 (~0%)|      264 (~0%)|    -|
    |  + grp_adder_3by3_fu_2056              |     -|  0.54|        1|    6.250|         -|        1|     -|       yes|         -|        -|      55 (~0%)|      264 (~0%)|    -|
    |  + grp_adder_3by3_fu_2061              |     -|  0.54|        1|    6.250|         -|        1|     -|       yes|         -|        -|      55 (~0%)|      264 (~0%)|    -|
    |  + grp_adder_3by3_fu_2066              |     -|  0.54|        1|    6.250|         -|        1|     -|       yes|         -|        -|      55 (~0%)|      264 (~0%)|    -|
    |  + grp_adder_3by3_fu_2071              |     -|  0.54|        1|    6.250|         -|        1|     -|       yes|         -|        -|      55 (~0%)|      264 (~0%)|    -|
    |  + grp_adder_3by3_fu_2076              |     -|  0.54|        1|    6.250|         -|        1|     -|       yes|         -|        -|      55 (~0%)|      264 (~0%)|    -|
    |  + grp_adder_3by3_fu_2081              |     -|  0.54|        1|    6.250|         -|        1|     -|       yes|         -|        -|      55 (~0%)|      264 (~0%)|    -|
    |  + grp_adder_3by3_fu_2086              |     -|  0.54|        1|    6.250|         -|        1|     -|       yes|         -|        -|      55 (~0%)|      264 (~0%)|    -|
    |  + grp_adder_3by3_fu_2091              |     -|  0.54|        1|    6.250|         -|        1|     -|       yes|         -|        -|      55 (~0%)|      264 (~0%)|    -|
    |  + grp_adder_3by3_fu_2096              |     -|  0.54|        1|    6.250|         -|        1|     -|       yes|         -|        -|      55 (~0%)|      264 (~0%)|    -|
    |  + grp_adder_3by3_fu_2101              |     -|  0.54|        1|    6.250|         -|        1|     -|       yes|         -|        -|      55 (~0%)|      264 (~0%)|    -|
    |  + grp_adder_3by3_fu_2106              |     -|  0.54|        1|    6.250|         -|        1|     -|       yes|         -|        -|      55 (~0%)|      264 (~0%)|    -|
    |  + grp_adder_3by3_fu_2111              |     -|  0.54|        1|    6.250|         -|        1|     -|       yes|         -|        -|      55 (~0%)|      264 (~0%)|    -|
    |  + grp_adder_3by3_fu_2116              |     -|  0.54|        1|    6.250|         -|        1|     -|       yes|         -|        -|      55 (~0%)|      264 (~0%)|    -|
    |  + grp_adder_3by3_fu_2121              |     -|  0.54|        1|    6.250|         -|        1|     -|       yes|         -|        -|      55 (~0%)|      264 (~0%)|    -|
    |  + grp_adder_3by3_fu_2126              |     -|  0.54|        1|    6.250|         -|        1|     -|       yes|         -|        -|      55 (~0%)|      264 (~0%)|    -|
    |  + grp_adder_3by3_fu_2131              |     -|  0.54|        1|    6.250|         -|        1|     -|       yes|         -|        -|      55 (~0%)|      264 (~0%)|    -|
    |  + grp_adder_3by3_fu_2136              |     -|  0.54|        1|    6.250|         -|        1|     -|       yes|         -|        -|      55 (~0%)|      264 (~0%)|    -|
    |  + grp_adder_3by3_fu_2141              |     -|  0.54|        1|    6.250|         -|        1|     -|       yes|         -|        -|      55 (~0%)|      264 (~0%)|    -|
    |  + grp_adder_3by3_fu_2146              |     -|  0.54|        1|    6.250|         -|        1|     -|       yes|         -|        -|      55 (~0%)|      264 (~0%)|    -|
    |  + grp_adder_3by3_fu_2151              |     -|  0.54|        1|    6.250|         -|        1|     -|       yes|         -|        -|      55 (~0%)|      264 (~0%)|    -|
    |  + grp_adder_3by3_fu_2156              |     -|  0.54|        1|    6.250|         -|        1|     -|       yes|         -|        -|      55 (~0%)|      264 (~0%)|    -|
    |  + grp_adder_3by3_fu_2161              |     -|  0.54|        1|    6.250|         -|        1|     -|       yes|         -|        -|      55 (~0%)|      264 (~0%)|    -|
    |  + grp_adder_3by3_fu_2166              |     -|  0.54|        1|    6.250|         -|        1|     -|       yes|         -|        -|      55 (~0%)|      264 (~0%)|    -|
    |  + grp_adder_3by3_fu_2171              |     -|  0.54|        1|    6.250|         -|        1|     -|       yes|         -|        -|      55 (~0%)|      264 (~0%)|    -|
    |  + grp_adder_3by3_fu_2176              |     -|  0.54|        1|    6.250|         -|        1|     -|       yes|         -|        -|      55 (~0%)|      264 (~0%)|    -|
    |  + grp_adder_3by3_fu_2181              |     -|  0.54|        1|    6.250|         -|        1|     -|       yes|         -|        -|      55 (~0%)|      264 (~0%)|    -|
    |  + grp_adder_3by3_fu_2186              |     -|  0.54|        1|    6.250|         -|        1|     -|       yes|         -|        -|      55 (~0%)|      264 (~0%)|    -|
    |  + grp_adder_3by3_fu_2191              |     -|  0.54|        1|    6.250|         -|        1|     -|       yes|         -|        -|      55 (~0%)|      264 (~0%)|    -|
    |  + grp_adder_3by3_fu_2196              |     -|  0.54|        1|    6.250|         -|        1|     -|       yes|         -|        -|      55 (~0%)|      264 (~0%)|    -|
    |  + grp_adder_3by3_fu_2201              |     -|  0.54|        1|    6.250|         -|        1|     -|       yes|         -|        -|      55 (~0%)|      264 (~0%)|    -|
    |  + grp_adder_3by3_fu_2206              |     -|  0.54|        1|    6.250|         -|        1|     -|       yes|         -|        -|      55 (~0%)|      264 (~0%)|    -|
    |  + grp_adder_3by3_fu_2211              |     -|  0.54|        1|    6.250|         -|        1|     -|       yes|         -|        -|      55 (~0%)|      264 (~0%)|    -|
    |  + grp_adder_3by3_fu_2216              |     -|  0.54|        1|    6.250|         -|        1|     -|       yes|         -|        -|      55 (~0%)|      264 (~0%)|    -|
    |  + grp_adder_3by3_fu_2221              |     -|  0.54|        1|    6.250|         -|        1|     -|       yes|         -|        -|      55 (~0%)|      264 (~0%)|    -|
    |  + grp_adder_3by3_fu_2226              |     -|  0.54|        1|    6.250|         -|        1|     -|       yes|         -|        -|      55 (~0%)|      264 (~0%)|    -|
    |  + grp_adder_3by3_fu_2231              |     -|  0.54|        1|    6.250|         -|        1|     -|       yes|         -|        -|      55 (~0%)|      264 (~0%)|    -|
    |  + grp_adder_3by3_fu_2236              |     -|  0.54|        1|    6.250|         -|        1|     -|       yes|         -|        -|      55 (~0%)|      264 (~0%)|    -|
    |  + grp_adder_3by3_fu_2241              |     -|  0.54|        1|    6.250|         -|        1|     -|       yes|         -|        -|      55 (~0%)|      264 (~0%)|    -|
    |  + grp_adder_3by3_fu_2246              |     -|  0.54|        1|    6.250|         -|        1|     -|       yes|         -|        -|      55 (~0%)|      264 (~0%)|    -|
    |  + grp_adder_3by3_fu_2251              |     -|  0.54|        1|    6.250|         -|        1|     -|       yes|         -|        -|      55 (~0%)|      264 (~0%)|    -|
    |  + grp_adder_3by3_fu_2256              |     -|  0.54|        1|    6.250|         -|        1|     -|       yes|         -|        -|      55 (~0%)|      264 (~0%)|    -|
    |  + grp_adder_3by3_fu_2261              |     -|  0.54|        1|    6.250|         -|        1|     -|       yes|         -|        -|      55 (~0%)|      264 (~0%)|    -|
    |  + grp_adder_3by3_fu_2266              |     -|  0.54|        1|    6.250|         -|        1|     -|       yes|         -|        -|      55 (~0%)|      264 (~0%)|    -|
    |  + grp_adder_3by3_fu_2271              |     -|  0.54|        1|    6.250|         -|        1|     -|       yes|         -|        -|      55 (~0%)|      264 (~0%)|    -|
    |  + grp_adder_3by3_fu_2276              |     -|  0.54|        1|    6.250|         -|        1|     -|       yes|         -|        -|      55 (~0%)|      264 (~0%)|    -|
    |  + grp_adder_3by3_fu_2281              |     -|  0.54|        1|    6.250|         -|        1|     -|       yes|         -|        -|      55 (~0%)|      264 (~0%)|    -|
    |  + grp_adder_3by3_fu_2286              |     -|  0.54|        1|    6.250|         -|        1|     -|       yes|         -|        -|      55 (~0%)|      264 (~0%)|    -|
    |  + grp_adder_3by3_fu_2291              |     -|  0.54|        1|    6.250|         -|        1|     -|       yes|         -|        -|      55 (~0%)|      264 (~0%)|    -|
    +----------------------------------------+------+------+---------+---------+----------+---------+------+----------+----------+---------+--------------+---------------+-----+


================================================================
== HW Interfaces
================================================================
* AP_MEMORY
+------------+----------+
| Interface  | Bitwidth |
+------------+----------+
| link_out_i | 256      |
| link_out_o | 256      |
+------------+----------+

* REGISTER
+------------+---------+----------+
| Interface  | Mode    | Bitwidth |
+------------+---------+----------+
| link_in_0  | ap_none | 128      |
| link_in_1  | ap_none | 128      |
| link_in_10 | ap_none | 128      |
| link_in_11 | ap_none | 128      |
| link_in_12 | ap_none | 128      |
| link_in_13 | ap_none | 128      |
| link_in_14 | ap_none | 128      |
| link_in_15 | ap_none | 128      |
| link_in_16 | ap_none | 128      |
| link_in_17 | ap_none | 128      |
| link_in_18 | ap_none | 128      |
| link_in_19 | ap_none | 128      |
| link_in_2  | ap_none | 128      |
| link_in_20 | ap_none | 128      |
| link_in_21 | ap_none | 128      |
| link_in_22 | ap_none | 128      |
| link_in_23 | ap_none | 128      |
| link_in_24 | ap_none | 128      |
| link_in_25 | ap_none | 128      |
| link_in_26 | ap_none | 128      |
| link_in_27 | ap_none | 128      |
| link_in_28 | ap_none | 128      |
| link_in_29 | ap_none | 128      |
| link_in_3  | ap_none | 128      |
| link_in_30 | ap_none | 128      |
| link_in_31 | ap_none | 128      |
| link_in_32 | ap_none | 128      |
| link_in_33 | ap_none | 128      |
| link_in_34 | ap_none | 128      |
| link_in_35 | ap_none | 128      |
| link_in_4  | ap_none | 128      |
| link_in_5  | ap_none | 128      |
| link_in_6  | ap_none | 128      |
| link_in_7  | ap_none | 128      |
| link_in_8  | ap_none | 128      |
| link_in_9  | ap_none | 128      |
+------------+---------+----------+

* TOP LEVEL CONTROL
+-----------+------------+-----------------------------------+
| Interface | Type       | Ports                             |
+-----------+------------+-----------------------------------+
| ap_clk    | clock      | ap_clk                            |
| ap_rst    | reset      | ap_rst                            |
| ap_ctrl   | ap_ctrl_hs | ap_done ap_idle ap_ready ap_start |
+-----------+------------+-----------------------------------+


================================================================
== SW I/O Information
================================================================
* Top Function Arguments
+----------+-----------+---------------+
| Argument | Direction | Datatype      |
+----------+-----------+---------------+
| link_in  | in        | ap_uint<128>* |
| link_out | out       | ap_uint<192>* |
+----------+-----------+---------------+

* SW-to-HW Mapping
+----------+-------------------+---------+
| Argument | HW Name           | HW Type |
+----------+-------------------+---------+
| link_in  | link_in_0         | port    |
| link_in  | link_in_1         | port    |
| link_in  | link_in_2         | port    |
| link_in  | link_in_3         | port    |
| link_in  | link_in_4         | port    |
| link_in  | link_in_5         | port    |
| link_in  | link_in_6         | port    |
| link_in  | link_in_7         | port    |
| link_in  | link_in_8         | port    |
| link_in  | link_in_9         | port    |
| link_in  | link_in_10        | port    |
| link_in  | link_in_11        | port    |
| link_in  | link_in_12        | port    |
| link_in  | link_in_13        | port    |
| link_in  | link_in_14        | port    |
| link_in  | link_in_15        | port    |
| link_in  | link_in_16        | port    |
| link_in  | link_in_17        | port    |
| link_in  | link_in_18        | port    |
| link_in  | link_in_19        | port    |
| link_in  | link_in_20        | port    |
| link_in  | link_in_21        | port    |
| link_in  | link_in_22        | port    |
| link_in  | link_in_23        | port    |
| link_in  | link_in_24        | port    |
| link_in  | link_in_25        | port    |
| link_in  | link_in_26        | port    |
| link_in  | link_in_27        | port    |
| link_in  | link_in_28        | port    |
| link_in  | link_in_29        | port    |
| link_in  | link_in_30        | port    |
| link_in  | link_in_31        | port    |
| link_in  | link_in_32        | port    |
| link_in  | link_in_33        | port    |
| link_in  | link_in_34        | port    |
| link_in  | link_in_35        | port    |
| link_out | link_out_i        | port    |
| link_out | link_out_o        | port    |
| link_out | link_out_o_ap_vld | port    |
+----------+-------------------+---------+


================================================================
== M_AXI Burst Information
================================================================

