

================================================================
== Vitis HLS Report for 'relu_ap_fixed_ap_fixed_16_6_5_3_0_relu_config5_s'
================================================================
* Date:           Sat Mar 29 17:39:58 2025

* Version:        2021.1 (Build 3247384 on Thu Jun 10 19:36:07 MDT 2021)
* Project:        WOMBAT_prj
* Solution:       solution1 (Vivado IP Flow Target)
* Product family: virtex7
* Target device:  xc7vx690t-ffg1927-2


================================================================
== Performance Estimates
================================================================
+ Timing: 
    * Summary: 
    +--------+---------+----------+------------+
    |  Clock |  Target | Estimated| Uncertainty|
    +--------+---------+----------+------------+
    |ap_clk  |  6.25 ns|  1.746 ns|     1.69 ns|
    +--------+---------+----------+------------+

+ Latency: 
    * Summary: 
    +---------+---------+----------+----------+-----+-----+---------+
    |  Latency (cycles) |  Latency (absolute) |  Interval | Pipeline|
    |   min   |   max   |    min   |    max   | min | max |   Type  |
    +---------+---------+----------+----------+-----+-----+---------+
    |        0|        0|      0 ns|      0 ns|    1|    1|      yes|
    +---------+---------+----------+----------+-----+-----+---------+

    + Detail: 
        * Instance: 
        N/A

        * Loop: 
        N/A



================================================================
== Utilization Estimates
================================================================
* Summary: 
+-----------------+---------+------+--------+--------+-----+
|       Name      | BRAM_18K|  DSP |   FF   |   LUT  | URAM|
+-----------------+---------+------+--------+--------+-----+
|DSP              |        -|     -|       -|       -|    -|
|Expression       |        -|     -|       0|    2128|    -|
|FIFO             |        -|     -|       -|       -|    -|
|Instance         |        -|     -|       -|       -|    -|
|Memory           |        -|     -|       -|       -|    -|
|Multiplexer      |        -|     -|       -|       -|    -|
|Register         |        -|     -|       -|       -|    -|
+-----------------+---------+------+--------+--------+-----+
|Total            |        0|     0|       0|    2128|    0|
+-----------------+---------+------+--------+--------+-----+
|Available        |     2940|  3600|  866400|  433200|    0|
+-----------------+---------+------+--------+--------+-----+
|Utilization (%)  |        0|     0|       0|      ~0|    0|
+-----------------+---------+------+--------+--------+-----+

+ Detail: 
    * Instance: 
    N/A

    * DSP: 
    N/A

    * Memory: 
    N/A

    * FIFO: 
    N/A

    * Expression: 
    +----------------------------+----------+----+---+----+------------+------------+
    |        Variable Name       | Operation| DSP| FF| LUT| Bitwidth P0| Bitwidth P1|
    +----------------------------+----------+----+---+----+------------+------------+
    |icmp_ln1547_10_fu_1108_p2   |      icmp|   0|  0|  13|          16|           1|
    |icmp_ln1547_11_fu_1126_p2   |      icmp|   0|  0|  13|          16|           1|
    |icmp_ln1547_12_fu_1144_p2   |      icmp|   0|  0|  13|          16|           1|
    |icmp_ln1547_13_fu_1162_p2   |      icmp|   0|  0|  13|          16|           1|
    |icmp_ln1547_14_fu_1180_p2   |      icmp|   0|  0|  13|          16|           1|
    |icmp_ln1547_15_fu_1198_p2   |      icmp|   0|  0|  13|          16|           1|
    |icmp_ln1547_16_fu_1216_p2   |      icmp|   0|  0|  13|          16|           1|
    |icmp_ln1547_17_fu_1234_p2   |      icmp|   0|  0|  13|          16|           1|
    |icmp_ln1547_18_fu_1252_p2   |      icmp|   0|  0|  13|          16|           1|
    |icmp_ln1547_19_fu_1270_p2   |      icmp|   0|  0|  13|          16|           1|
    |icmp_ln1547_1_fu_946_p2     |      icmp|   0|  0|  13|          16|           1|
    |icmp_ln1547_20_fu_1288_p2   |      icmp|   0|  0|  13|          16|           1|
    |icmp_ln1547_21_fu_1306_p2   |      icmp|   0|  0|  13|          16|           1|
    |icmp_ln1547_22_fu_1324_p2   |      icmp|   0|  0|  13|          16|           1|
    |icmp_ln1547_23_fu_1342_p2   |      icmp|   0|  0|  13|          16|           1|
    |icmp_ln1547_24_fu_1360_p2   |      icmp|   0|  0|  13|          16|           1|
    |icmp_ln1547_25_fu_1378_p2   |      icmp|   0|  0|  13|          16|           1|
    |icmp_ln1547_26_fu_1396_p2   |      icmp|   0|  0|  13|          16|           1|
    |icmp_ln1547_27_fu_1414_p2   |      icmp|   0|  0|  13|          16|           1|
    |icmp_ln1547_28_fu_1432_p2   |      icmp|   0|  0|  13|          16|           1|
    |icmp_ln1547_29_fu_1450_p2   |      icmp|   0|  0|  13|          16|           1|
    |icmp_ln1547_2_fu_964_p2     |      icmp|   0|  0|  13|          16|           1|
    |icmp_ln1547_30_fu_1468_p2   |      icmp|   0|  0|  13|          16|           1|
    |icmp_ln1547_31_fu_1486_p2   |      icmp|   0|  0|  13|          16|           1|
    |icmp_ln1547_32_fu_1504_p2   |      icmp|   0|  0|  13|          16|           1|
    |icmp_ln1547_33_fu_1522_p2   |      icmp|   0|  0|  13|          16|           1|
    |icmp_ln1547_34_fu_1540_p2   |      icmp|   0|  0|  13|          16|           1|
    |icmp_ln1547_35_fu_1558_p2   |      icmp|   0|  0|  13|          16|           1|
    |icmp_ln1547_36_fu_1576_p2   |      icmp|   0|  0|  13|          16|           1|
    |icmp_ln1547_37_fu_1594_p2   |      icmp|   0|  0|  13|          16|           1|
    |icmp_ln1547_3_fu_982_p2     |      icmp|   0|  0|  13|          16|           1|
    |icmp_ln1547_42_fu_1612_p2   |      icmp|   0|  0|  13|          16|           1|
    |icmp_ln1547_43_fu_1630_p2   |      icmp|   0|  0|  13|          16|           1|
    |icmp_ln1547_44_fu_1648_p2   |      icmp|   0|  0|  13|          16|           1|
    |icmp_ln1547_45_fu_1666_p2   |      icmp|   0|  0|  13|          16|           1|
    |icmp_ln1547_46_fu_1684_p2   |      icmp|   0|  0|  13|          16|           1|
    |icmp_ln1547_47_fu_1702_p2   |      icmp|   0|  0|  13|          16|           1|
    |icmp_ln1547_48_fu_1720_p2   |      icmp|   0|  0|  13|          16|           1|
    |icmp_ln1547_49_fu_1738_p2   |      icmp|   0|  0|  13|          16|           1|
    |icmp_ln1547_4_fu_1000_p2    |      icmp|   0|  0|  13|          16|           1|
    |icmp_ln1547_50_fu_1756_p2   |      icmp|   0|  0|  13|          16|           1|
    |icmp_ln1547_51_fu_1774_p2   |      icmp|   0|  0|  13|          16|           1|
    |icmp_ln1547_56_fu_1792_p2   |      icmp|   0|  0|  13|          16|           1|
    |icmp_ln1547_57_fu_1810_p2   |      icmp|   0|  0|  13|          16|           1|
    |icmp_ln1547_58_fu_1828_p2   |      icmp|   0|  0|  13|          16|           1|
    |icmp_ln1547_59_fu_1846_p2   |      icmp|   0|  0|  13|          16|           1|
    |icmp_ln1547_5_fu_1018_p2    |      icmp|   0|  0|  13|          16|           1|
    |icmp_ln1547_60_fu_1864_p2   |      icmp|   0|  0|  13|          16|           1|
    |icmp_ln1547_61_fu_1882_p2   |      icmp|   0|  0|  13|          16|           1|
    |icmp_ln1547_62_fu_1900_p2   |      icmp|   0|  0|  13|          16|           1|
    |icmp_ln1547_63_fu_1918_p2   |      icmp|   0|  0|  13|          16|           1|
    |icmp_ln1547_64_fu_1936_p2   |      icmp|   0|  0|  13|          16|           1|
    |icmp_ln1547_65_fu_1954_p2   |      icmp|   0|  0|  13|          16|           1|
    |icmp_ln1547_66_fu_1972_p2   |      icmp|   0|  0|  13|          16|           1|
    |icmp_ln1547_67_fu_1990_p2   |      icmp|   0|  0|  13|          16|           1|
    |icmp_ln1547_68_fu_2008_p2   |      icmp|   0|  0|  13|          16|           1|
    |icmp_ln1547_69_fu_2026_p2   |      icmp|   0|  0|  13|          16|           1|
    |icmp_ln1547_6_fu_1036_p2    |      icmp|   0|  0|  13|          16|           1|
    |icmp_ln1547_70_fu_2044_p2   |      icmp|   0|  0|  13|          16|           1|
    |icmp_ln1547_71_fu_2062_p2   |      icmp|   0|  0|  13|          16|           1|
    |icmp_ln1547_72_fu_2080_p2   |      icmp|   0|  0|  13|          16|           1|
    |icmp_ln1547_73_fu_2098_p2   |      icmp|   0|  0|  13|          16|           1|
    |icmp_ln1547_74_fu_2116_p2   |      icmp|   0|  0|  13|          16|           1|
    |icmp_ln1547_75_fu_2134_p2   |      icmp|   0|  0|  13|          16|           1|
    |icmp_ln1547_76_fu_2152_p2   |      icmp|   0|  0|  13|          16|           1|
    |icmp_ln1547_77_fu_2170_p2   |      icmp|   0|  0|  13|          16|           1|
    |icmp_ln1547_78_fu_2188_p2   |      icmp|   0|  0|  13|          16|           1|
    |icmp_ln1547_79_fu_2206_p2   |      icmp|   0|  0|  13|          16|           1|
    |icmp_ln1547_7_fu_1054_p2    |      icmp|   0|  0|  13|          16|           1|
    |icmp_ln1547_80_fu_2224_p2   |      icmp|   0|  0|  13|          16|           1|
    |icmp_ln1547_81_fu_2242_p2   |      icmp|   0|  0|  13|          16|           1|
    |icmp_ln1547_82_fu_2260_p2   |      icmp|   0|  0|  13|          16|           1|
    |icmp_ln1547_83_fu_2278_p2   |      icmp|   0|  0|  13|          16|           1|
    |icmp_ln1547_8_fu_1072_p2    |      icmp|   0|  0|  13|          16|           1|
    |icmp_ln1547_9_fu_1090_p2    |      icmp|   0|  0|  13|          16|           1|
    |icmp_ln1547_fu_928_p2       |      icmp|   0|  0|  13|          16|           1|
    |select_ln55_100_fu_1384_p3  |    select|   0|  0|  15|           1|          15|
    |select_ln55_101_fu_1402_p3  |    select|   0|  0|  15|           1|          15|
    |select_ln55_102_fu_1420_p3  |    select|   0|  0|  15|           1|          15|
    |select_ln55_103_fu_1438_p3  |    select|   0|  0|  15|           1|          15|
    |select_ln55_104_fu_1456_p3  |    select|   0|  0|  15|           1|          15|
    |select_ln55_105_fu_1474_p3  |    select|   0|  0|  15|           1|          15|
    |select_ln55_106_fu_1492_p3  |    select|   0|  0|  15|           1|          15|
    |select_ln55_107_fu_1510_p3  |    select|   0|  0|  15|           1|          15|
    |select_ln55_108_fu_1528_p3  |    select|   0|  0|  15|           1|          15|
    |select_ln55_109_fu_1546_p3  |    select|   0|  0|  15|           1|          15|
    |select_ln55_110_fu_1564_p3  |    select|   0|  0|  15|           1|          15|
    |select_ln55_111_fu_1582_p3  |    select|   0|  0|  15|           1|          15|
    |select_ln55_112_fu_1600_p3  |    select|   0|  0|  15|           1|          15|
    |select_ln55_113_fu_1618_p3  |    select|   0|  0|  15|           1|          15|
    |select_ln55_114_fu_1636_p3  |    select|   0|  0|  15|           1|          15|
    |select_ln55_115_fu_1654_p3  |    select|   0|  0|  15|           1|          15|
    |select_ln55_116_fu_1672_p3  |    select|   0|  0|  15|           1|          15|
    |select_ln55_117_fu_1690_p3  |    select|   0|  0|  15|           1|          15|
    |select_ln55_118_fu_1708_p3  |    select|   0|  0|  15|           1|          15|
    |select_ln55_119_fu_1726_p3  |    select|   0|  0|  15|           1|          15|
    |select_ln55_120_fu_1744_p3  |    select|   0|  0|  15|           1|          15|
    |select_ln55_121_fu_1762_p3  |    select|   0|  0|  15|           1|          15|
    |select_ln55_122_fu_1780_p3  |    select|   0|  0|  15|           1|          15|
    |select_ln55_123_fu_1798_p3  |    select|   0|  0|  15|           1|          15|
    |select_ln55_124_fu_1816_p3  |    select|   0|  0|  15|           1|          15|
    |select_ln55_125_fu_1834_p3  |    select|   0|  0|  15|           1|          15|
    |select_ln55_126_fu_1852_p3  |    select|   0|  0|  15|           1|          15|
    |select_ln55_127_fu_1870_p3  |    select|   0|  0|  15|           1|          15|
    |select_ln55_128_fu_1888_p3  |    select|   0|  0|  15|           1|          15|
    |select_ln55_129_fu_1906_p3  |    select|   0|  0|  15|           1|          15|
    |select_ln55_130_fu_1924_p3  |    select|   0|  0|  15|           1|          15|
    |select_ln55_131_fu_1942_p3  |    select|   0|  0|  15|           1|          15|
    |select_ln55_132_fu_1960_p3  |    select|   0|  0|  15|           1|          15|
    |select_ln55_133_fu_1978_p3  |    select|   0|  0|  15|           1|          15|
    |select_ln55_134_fu_1996_p3  |    select|   0|  0|  15|           1|          15|
    |select_ln55_135_fu_2014_p3  |    select|   0|  0|  15|           1|          15|
    |select_ln55_136_fu_2032_p3  |    select|   0|  0|  15|           1|          15|
    |select_ln55_137_fu_2050_p3  |    select|   0|  0|  15|           1|          15|
    |select_ln55_138_fu_2068_p3  |    select|   0|  0|  15|           1|          15|
    |select_ln55_139_fu_2086_p3  |    select|   0|  0|  15|           1|          15|
    |select_ln55_140_fu_2104_p3  |    select|   0|  0|  15|           1|          15|
    |select_ln55_141_fu_2122_p3  |    select|   0|  0|  15|           1|          15|
    |select_ln55_142_fu_2140_p3  |    select|   0|  0|  15|           1|          15|
    |select_ln55_143_fu_2158_p3  |    select|   0|  0|  15|           1|          15|
    |select_ln55_144_fu_2176_p3  |    select|   0|  0|  15|           1|          15|
    |select_ln55_145_fu_2194_p3  |    select|   0|  0|  15|           1|          15|
    |select_ln55_146_fu_2212_p3  |    select|   0|  0|  15|           1|          15|
    |select_ln55_147_fu_2230_p3  |    select|   0|  0|  15|           1|          15|
    |select_ln55_148_fu_2248_p3  |    select|   0|  0|  15|           1|          15|
    |select_ln55_149_fu_2266_p3  |    select|   0|  0|  15|           1|          15|
    |select_ln55_150_fu_2284_p3  |    select|   0|  0|  15|           1|          15|
    |select_ln55_76_fu_952_p3    |    select|   0|  0|  15|           1|          15|
    |select_ln55_77_fu_970_p3    |    select|   0|  0|  15|           1|          15|
    |select_ln55_78_fu_988_p3    |    select|   0|  0|  15|           1|          15|
    |select_ln55_79_fu_1006_p3   |    select|   0|  0|  15|           1|          15|
    |select_ln55_80_fu_1024_p3   |    select|   0|  0|  15|           1|          15|
    |select_ln55_81_fu_1042_p3   |    select|   0|  0|  15|           1|          15|
    |select_ln55_82_fu_1060_p3   |    select|   0|  0|  15|           1|          15|
    |select_ln55_83_fu_1078_p3   |    select|   0|  0|  15|           1|          15|
    |select_ln55_84_fu_1096_p3   |    select|   0|  0|  15|           1|          15|
    |select_ln55_85_fu_1114_p3   |    select|   0|  0|  15|           1|          15|
    |select_ln55_86_fu_1132_p3   |    select|   0|  0|  15|           1|          15|
    |select_ln55_87_fu_1150_p3   |    select|   0|  0|  15|           1|          15|
    |select_ln55_88_fu_1168_p3   |    select|   0|  0|  15|           1|          15|
    |select_ln55_89_fu_1186_p3   |    select|   0|  0|  15|           1|          15|
    |select_ln55_90_fu_1204_p3   |    select|   0|  0|  15|           1|          15|
    |select_ln55_91_fu_1222_p3   |    select|   0|  0|  15|           1|          15|
    |select_ln55_92_fu_1240_p3   |    select|   0|  0|  15|           1|          15|
    |select_ln55_93_fu_1258_p3   |    select|   0|  0|  15|           1|          15|
    |select_ln55_94_fu_1276_p3   |    select|   0|  0|  15|           1|          15|
    |select_ln55_95_fu_1294_p3   |    select|   0|  0|  15|           1|          15|
    |select_ln55_96_fu_1312_p3   |    select|   0|  0|  15|           1|          15|
    |select_ln55_97_fu_1330_p3   |    select|   0|  0|  15|           1|          15|
    |select_ln55_98_fu_1348_p3   |    select|   0|  0|  15|           1|          15|
    |select_ln55_99_fu_1366_p3   |    select|   0|  0|  15|           1|          15|
    |select_ln55_fu_934_p3       |    select|   0|  0|  15|           1|          15|
    +----------------------------+----------+----+---+----+------------+------------+
    |Total                       |          |   0|  0|2128|        1292|        1216|
    +----------------------------+----------+----+---+----+------------+------------+

    * Multiplexer: 
    N/A

    * Register: 
    N/A



================================================================
== Interface
================================================================
* Summary: 
+--------------+-----+-----+------------+--------------------------------------------------+--------------+
|   RTL Ports  | Dir | Bits|  Protocol  |                   Source Object                  |    C Type    |
+--------------+-----+-----+------------+--------------------------------------------------+--------------+
|ap_ready      |  out|    1|  ap_ctrl_hs|  relu<ap_fixed,ap_fixed<16,6,5,3,0>,relu_config5>|  return value|
|ap_return_0   |  out|   16|  ap_ctrl_hs|  relu<ap_fixed,ap_fixed<16,6,5,3,0>,relu_config5>|  return value|
|ap_return_1   |  out|   16|  ap_ctrl_hs|  relu<ap_fixed,ap_fixed<16,6,5,3,0>,relu_config5>|  return value|
|ap_return_2   |  out|   16|  ap_ctrl_hs|  relu<ap_fixed,ap_fixed<16,6,5,3,0>,relu_config5>|  return value|
|ap_return_3   |  out|   16|  ap_ctrl_hs|  relu<ap_fixed,ap_fixed<16,6,5,3,0>,relu_config5>|  return value|
|ap_return_4   |  out|   16|  ap_ctrl_hs|  relu<ap_fixed,ap_fixed<16,6,5,3,0>,relu_config5>|  return value|
|ap_return_5   |  out|   16|  ap_ctrl_hs|  relu<ap_fixed,ap_fixed<16,6,5,3,0>,relu_config5>|  return value|
|ap_return_6   |  out|   16|  ap_ctrl_hs|  relu<ap_fixed,ap_fixed<16,6,5,3,0>,relu_config5>|  return value|
|ap_return_7   |  out|   16|  ap_ctrl_hs|  relu<ap_fixed,ap_fixed<16,6,5,3,0>,relu_config5>|  return value|
|ap_return_8   |  out|   16|  ap_ctrl_hs|  relu<ap_fixed,ap_fixed<16,6,5,3,0>,relu_config5>|  return value|
|ap_return_9   |  out|   16|  ap_ctrl_hs|  relu<ap_fixed,ap_fixed<16,6,5,3,0>,relu_config5>|  return value|
|ap_return_10  |  out|   16|  ap_ctrl_hs|  relu<ap_fixed,ap_fixed<16,6,5,3,0>,relu_config5>|  return value|
|ap_return_11  |  out|   16|  ap_ctrl_hs|  relu<ap_fixed,ap_fixed<16,6,5,3,0>,relu_config5>|  return value|
|ap_return_12  |  out|   16|  ap_ctrl_hs|  relu<ap_fixed,ap_fixed<16,6,5,3,0>,relu_config5>|  return value|
|ap_return_13  |  out|   16|  ap_ctrl_hs|  relu<ap_fixed,ap_fixed<16,6,5,3,0>,relu_config5>|  return value|
|ap_return_14  |  out|   16|  ap_ctrl_hs|  relu<ap_fixed,ap_fixed<16,6,5,3,0>,relu_config5>|  return value|
|ap_return_15  |  out|   16|  ap_ctrl_hs|  relu<ap_fixed,ap_fixed<16,6,5,3,0>,relu_config5>|  return value|
|ap_return_16  |  out|   16|  ap_ctrl_hs|  relu<ap_fixed,ap_fixed<16,6,5,3,0>,relu_config5>|  return value|
|ap_return_17  |  out|   16|  ap_ctrl_hs|  relu<ap_fixed,ap_fixed<16,6,5,3,0>,relu_config5>|  return value|
|ap_return_18  |  out|   16|  ap_ctrl_hs|  relu<ap_fixed,ap_fixed<16,6,5,3,0>,relu_config5>|  return value|
|ap_return_19  |  out|   16|  ap_ctrl_hs|  relu<ap_fixed,ap_fixed<16,6,5,3,0>,relu_config5>|  return value|
|ap_return_20  |  out|   16|  ap_ctrl_hs|  relu<ap_fixed,ap_fixed<16,6,5,3,0>,relu_config5>|  return value|
|ap_return_21  |  out|   16|  ap_ctrl_hs|  relu<ap_fixed,ap_fixed<16,6,5,3,0>,relu_config5>|  return value|
|ap_return_22  |  out|   16|  ap_ctrl_hs|  relu<ap_fixed,ap_fixed<16,6,5,3,0>,relu_config5>|  return value|
|ap_return_23  |  out|   16|  ap_ctrl_hs|  relu<ap_fixed,ap_fixed<16,6,5,3,0>,relu_config5>|  return value|
|ap_return_24  |  out|   16|  ap_ctrl_hs|  relu<ap_fixed,ap_fixed<16,6,5,3,0>,relu_config5>|  return value|
|ap_return_25  |  out|   16|  ap_ctrl_hs|  relu<ap_fixed,ap_fixed<16,6,5,3,0>,relu_config5>|  return value|
|ap_return_26  |  out|   16|  ap_ctrl_hs|  relu<ap_fixed,ap_fixed<16,6,5,3,0>,relu_config5>|  return value|
|ap_return_27  |  out|   16|  ap_ctrl_hs|  relu<ap_fixed,ap_fixed<16,6,5,3,0>,relu_config5>|  return value|
|ap_return_28  |  out|   16|  ap_ctrl_hs|  relu<ap_fixed,ap_fixed<16,6,5,3,0>,relu_config5>|  return value|
|ap_return_29  |  out|   16|  ap_ctrl_hs|  relu<ap_fixed,ap_fixed<16,6,5,3,0>,relu_config5>|  return value|
|ap_return_30  |  out|   16|  ap_ctrl_hs|  relu<ap_fixed,ap_fixed<16,6,5,3,0>,relu_config5>|  return value|
|ap_return_31  |  out|   16|  ap_ctrl_hs|  relu<ap_fixed,ap_fixed<16,6,5,3,0>,relu_config5>|  return value|
|ap_return_32  |  out|   16|  ap_ctrl_hs|  relu<ap_fixed,ap_fixed<16,6,5,3,0>,relu_config5>|  return value|
|ap_return_33  |  out|   16|  ap_ctrl_hs|  relu<ap_fixed,ap_fixed<16,6,5,3,0>,relu_config5>|  return value|
|ap_return_34  |  out|   16|  ap_ctrl_hs|  relu<ap_fixed,ap_fixed<16,6,5,3,0>,relu_config5>|  return value|
|ap_return_35  |  out|   16|  ap_ctrl_hs|  relu<ap_fixed,ap_fixed<16,6,5,3,0>,relu_config5>|  return value|
|ap_return_36  |  out|   16|  ap_ctrl_hs|  relu<ap_fixed,ap_fixed<16,6,5,3,0>,relu_config5>|  return value|
|ap_return_37  |  out|   16|  ap_ctrl_hs|  relu<ap_fixed,ap_fixed<16,6,5,3,0>,relu_config5>|  return value|
|ap_return_38  |  out|   16|  ap_ctrl_hs|  relu<ap_fixed,ap_fixed<16,6,5,3,0>,relu_config5>|  return value|
|ap_return_39  |  out|   16|  ap_ctrl_hs|  relu<ap_fixed,ap_fixed<16,6,5,3,0>,relu_config5>|  return value|
|ap_return_40  |  out|   16|  ap_ctrl_hs|  relu<ap_fixed,ap_fixed<16,6,5,3,0>,relu_config5>|  return value|
|ap_return_41  |  out|   16|  ap_ctrl_hs|  relu<ap_fixed,ap_fixed<16,6,5,3,0>,relu_config5>|  return value|
|ap_return_42  |  out|   16|  ap_ctrl_hs|  relu<ap_fixed,ap_fixed<16,6,5,3,0>,relu_config5>|  return value|
|ap_return_43  |  out|   16|  ap_ctrl_hs|  relu<ap_fixed,ap_fixed<16,6,5,3,0>,relu_config5>|  return value|
|ap_return_44  |  out|   16|  ap_ctrl_hs|  relu<ap_fixed,ap_fixed<16,6,5,3,0>,relu_config5>|  return value|
|ap_return_45  |  out|   16|  ap_ctrl_hs|  relu<ap_fixed,ap_fixed<16,6,5,3,0>,relu_config5>|  return value|
|ap_return_46  |  out|   16|  ap_ctrl_hs|  relu<ap_fixed,ap_fixed<16,6,5,3,0>,relu_config5>|  return value|
|ap_return_47  |  out|   16|  ap_ctrl_hs|  relu<ap_fixed,ap_fixed<16,6,5,3,0>,relu_config5>|  return value|
|ap_return_48  |  out|   16|  ap_ctrl_hs|  relu<ap_fixed,ap_fixed<16,6,5,3,0>,relu_config5>|  return value|
|ap_return_49  |  out|   16|  ap_ctrl_hs|  relu<ap_fixed,ap_fixed<16,6,5,3,0>,relu_config5>|  return value|
|ap_return_50  |  out|   16|  ap_ctrl_hs|  relu<ap_fixed,ap_fixed<16,6,5,3,0>,relu_config5>|  return value|
|ap_return_51  |  out|   16|  ap_ctrl_hs|  relu<ap_fixed,ap_fixed<16,6,5,3,0>,relu_config5>|  return value|
|ap_return_52  |  out|   16|  ap_ctrl_hs|  relu<ap_fixed,ap_fixed<16,6,5,3,0>,relu_config5>|  return value|
|ap_return_53  |  out|   16|  ap_ctrl_hs|  relu<ap_fixed,ap_fixed<16,6,5,3,0>,relu_config5>|  return value|
|ap_return_54  |  out|   16|  ap_ctrl_hs|  relu<ap_fixed,ap_fixed<16,6,5,3,0>,relu_config5>|  return value|
|ap_return_55  |  out|   16|  ap_ctrl_hs|  relu<ap_fixed,ap_fixed<16,6,5,3,0>,relu_config5>|  return value|
|ap_return_56  |  out|   16|  ap_ctrl_hs|  relu<ap_fixed,ap_fixed<16,6,5,3,0>,relu_config5>|  return value|
|ap_return_57  |  out|   16|  ap_ctrl_hs|  relu<ap_fixed,ap_fixed<16,6,5,3,0>,relu_config5>|  return value|
|ap_return_58  |  out|   16|  ap_ctrl_hs|  relu<ap_fixed,ap_fixed<16,6,5,3,0>,relu_config5>|  return value|
|ap_return_59  |  out|   16|  ap_ctrl_hs|  relu<ap_fixed,ap_fixed<16,6,5,3,0>,relu_config5>|  return value|
|ap_return_60  |  out|   16|  ap_ctrl_hs|  relu<ap_fixed,ap_fixed<16,6,5,3,0>,relu_config5>|  return value|
|ap_return_61  |  out|   16|  ap_ctrl_hs|  relu<ap_fixed,ap_fixed<16,6,5,3,0>,relu_config5>|  return value|
|ap_return_62  |  out|   16|  ap_ctrl_hs|  relu<ap_fixed,ap_fixed<16,6,5,3,0>,relu_config5>|  return value|
|ap_return_63  |  out|   16|  ap_ctrl_hs|  relu<ap_fixed,ap_fixed<16,6,5,3,0>,relu_config5>|  return value|
|ap_return_64  |  out|   16|  ap_ctrl_hs|  relu<ap_fixed,ap_fixed<16,6,5,3,0>,relu_config5>|  return value|
|ap_return_65  |  out|   16|  ap_ctrl_hs|  relu<ap_fixed,ap_fixed<16,6,5,3,0>,relu_config5>|  return value|
|ap_return_66  |  out|   16|  ap_ctrl_hs|  relu<ap_fixed,ap_fixed<16,6,5,3,0>,relu_config5>|  return value|
|ap_return_67  |  out|   16|  ap_ctrl_hs|  relu<ap_fixed,ap_fixed<16,6,5,3,0>,relu_config5>|  return value|
|ap_return_68  |  out|   16|  ap_ctrl_hs|  relu<ap_fixed,ap_fixed<16,6,5,3,0>,relu_config5>|  return value|
|ap_return_69  |  out|   16|  ap_ctrl_hs|  relu<ap_fixed,ap_fixed<16,6,5,3,0>,relu_config5>|  return value|
|ap_return_70  |  out|   16|  ap_ctrl_hs|  relu<ap_fixed,ap_fixed<16,6,5,3,0>,relu_config5>|  return value|
|ap_return_71  |  out|   16|  ap_ctrl_hs|  relu<ap_fixed,ap_fixed<16,6,5,3,0>,relu_config5>|  return value|
|ap_return_72  |  out|   16|  ap_ctrl_hs|  relu<ap_fixed,ap_fixed<16,6,5,3,0>,relu_config5>|  return value|
|ap_return_73  |  out|   16|  ap_ctrl_hs|  relu<ap_fixed,ap_fixed<16,6,5,3,0>,relu_config5>|  return value|
|ap_return_74  |  out|   16|  ap_ctrl_hs|  relu<ap_fixed,ap_fixed<16,6,5,3,0>,relu_config5>|  return value|
|ap_return_75  |  out|   16|  ap_ctrl_hs|  relu<ap_fixed,ap_fixed<16,6,5,3,0>,relu_config5>|  return value|
|p_read        |   in|   16|     ap_none|                                            p_read|        scalar|
|p_read1       |   in|   16|     ap_none|                                           p_read1|        scalar|
|p_read2       |   in|   16|     ap_none|                                           p_read2|        scalar|
|p_read3       |   in|   16|     ap_none|                                           p_read3|        scalar|
|p_read4       |   in|   16|     ap_none|                                           p_read4|        scalar|
|p_read5       |   in|   16|     ap_none|                                           p_read5|        scalar|
|p_read6       |   in|   16|     ap_none|                                           p_read6|        scalar|
|p_read7       |   in|   16|     ap_none|                                           p_read7|        scalar|
|p_read8       |   in|   16|     ap_none|                                           p_read8|        scalar|
|p_read9       |   in|   16|     ap_none|                                           p_read9|        scalar|
|p_read10      |   in|   16|     ap_none|                                          p_read10|        scalar|
|p_read11      |   in|   16|     ap_none|                                          p_read11|        scalar|
|p_read12      |   in|   16|     ap_none|                                          p_read12|        scalar|
|p_read13      |   in|   16|     ap_none|                                          p_read13|        scalar|
|p_read14      |   in|   16|     ap_none|                                          p_read14|        scalar|
|p_read15      |   in|   16|     ap_none|                                          p_read15|        scalar|
|p_read16      |   in|   16|     ap_none|                                          p_read16|        scalar|
|p_read17      |   in|   16|     ap_none|                                          p_read17|        scalar|
|p_read18      |   in|   16|     ap_none|                                          p_read18|        scalar|
|p_read19      |   in|   16|     ap_none|                                          p_read19|        scalar|
|p_read20      |   in|   16|     ap_none|                                          p_read20|        scalar|
|p_read21      |   in|   16|     ap_none|                                          p_read21|        scalar|
|p_read22      |   in|   16|     ap_none|                                          p_read22|        scalar|
|p_read23      |   in|   16|     ap_none|                                          p_read23|        scalar|
|p_read24      |   in|   16|     ap_none|                                          p_read24|        scalar|
|p_read25      |   in|   16|     ap_none|                                          p_read25|        scalar|
|p_read26      |   in|   16|     ap_none|                                          p_read26|        scalar|
|p_read27      |   in|   16|     ap_none|                                          p_read27|        scalar|
|p_read28      |   in|   16|     ap_none|                                          p_read28|        scalar|
|p_read29      |   in|   16|     ap_none|                                          p_read29|        scalar|
|p_read30      |   in|   16|     ap_none|                                          p_read30|        scalar|
|p_read31      |   in|   16|     ap_none|                                          p_read31|        scalar|
|p_read32      |   in|   16|     ap_none|                                          p_read32|        scalar|
|p_read33      |   in|   16|     ap_none|                                          p_read33|        scalar|
|p_read34      |   in|   16|     ap_none|                                          p_read34|        scalar|
|p_read35      |   in|   16|     ap_none|                                          p_read35|        scalar|
|p_read36      |   in|   16|     ap_none|                                          p_read36|        scalar|
|p_read37      |   in|   16|     ap_none|                                          p_read37|        scalar|
|p_read42      |   in|   16|     ap_none|                                          p_read42|        scalar|
|p_read43      |   in|   16|     ap_none|                                          p_read43|        scalar|
|p_read44      |   in|   16|     ap_none|                                          p_read44|        scalar|
|p_read45      |   in|   16|     ap_none|                                          p_read45|        scalar|
|p_read46      |   in|   16|     ap_none|                                          p_read46|        scalar|
|p_read47      |   in|   16|     ap_none|                                          p_read47|        scalar|
|p_read48      |   in|   16|     ap_none|                                          p_read48|        scalar|
|p_read49      |   in|   16|     ap_none|                                          p_read49|        scalar|
|p_read50      |   in|   16|     ap_none|                                          p_read50|        scalar|
|p_read51      |   in|   16|     ap_none|                                          p_read51|        scalar|
|p_read56      |   in|   16|     ap_none|                                          p_read56|        scalar|
|p_read57      |   in|   16|     ap_none|                                          p_read57|        scalar|
|p_read58      |   in|   16|     ap_none|                                          p_read58|        scalar|
|p_read59      |   in|   16|     ap_none|                                          p_read59|        scalar|
|p_read60      |   in|   16|     ap_none|                                          p_read60|        scalar|
|p_read61      |   in|   16|     ap_none|                                          p_read61|        scalar|
|p_read62      |   in|   16|     ap_none|                                          p_read62|        scalar|
|p_read63      |   in|   16|     ap_none|                                          p_read63|        scalar|
|p_read64      |   in|   16|     ap_none|                                          p_read64|        scalar|
|p_read65      |   in|   16|     ap_none|                                          p_read65|        scalar|
|p_read66      |   in|   16|     ap_none|                                          p_read66|        scalar|
|p_read67      |   in|   16|     ap_none|                                          p_read67|        scalar|
|p_read68      |   in|   16|     ap_none|                                          p_read68|        scalar|
|p_read69      |   in|   16|     ap_none|                                          p_read69|        scalar|
|p_read70      |   in|   16|     ap_none|                                          p_read70|        scalar|
|p_read71      |   in|   16|     ap_none|                                          p_read71|        scalar|
|p_read72      |   in|   16|     ap_none|                                          p_read72|        scalar|
|p_read73      |   in|   16|     ap_none|                                          p_read73|        scalar|
|p_read74      |   in|   16|     ap_none|                                          p_read74|        scalar|
|p_read75      |   in|   16|     ap_none|                                          p_read75|        scalar|
|p_read76      |   in|   16|     ap_none|                                          p_read76|        scalar|
|p_read77      |   in|   16|     ap_none|                                          p_read77|        scalar|
|p_read78      |   in|   16|     ap_none|                                          p_read78|        scalar|
|p_read79      |   in|   16|     ap_none|                                          p_read79|        scalar|
|p_read80      |   in|   16|     ap_none|                                          p_read80|        scalar|
|p_read81      |   in|   16|     ap_none|                                          p_read81|        scalar|
|p_read82      |   in|   16|     ap_none|                                          p_read82|        scalar|
|p_read83      |   in|   16|     ap_none|                                          p_read83|        scalar|
+--------------+-----+-----+------------+--------------------------------------------------+--------------+

